# Negative control everyT of .github/comparator-controls.tsv before the release, finished 2026-10-02T20:26:32Z, on the sources of clean_build.out (sources sha256 29f0a7752a39637a309a72a28d3fdfd4fd3b70f40d399b9a1413ea49dae13abf): in
# RegretKappa/Challenge/UnknownBT.lean the line "∀ x y : Fin T → ℝ, (∀ t, |y t| ≤ B) → regret (L.restrict T) x y ≤ (3 + ε T) * B ^ 2 * log T" changed to "∀ x y : Fin T → ℝ, (∀ t, |y t| ≤ B) → regret (L.restrict T) x y ≤ (3 + ε T) * B ^ 3 * log T" (that line only), then the same Comparator run, which must reject it with: Const does not match between challenge and target 'RegretKappa.UnknownBT.UnknownBTEveryT'
Building RegretKappa.Challenge
✔ [8924/8929] Built RegretKappa.Challenge.Statement (7.4s)
✔ [8925/8929] Built RegretKappa.Challenge.Corollaries (13s)
⚠ [8926/8929] Built RegretKappa.Challenge.LowerSharp (14s)
warning: RegretKappa/Challenge/LowerSharp.lean:45:8: declaration uses `sorry`
warning: RegretKappa/Challenge/LowerSharp.lean:47:8: declaration uses `sorry`
warning: RegretKappa/Challenge/LowerSharp.lean:49:8: declaration uses `sorry`
⚠ [8927/8929] Built RegretKappa.Challenge.UpperSharp (14s)
warning: RegretKappa/Challenge/UpperSharp.lean:42:8: declaration uses `sorry`
warning: RegretKappa/Challenge/UpperSharp.lean:44:8: declaration uses `sorry`
⚠ [8928/8929] Built RegretKappa.Challenge.UnknownBT (7.7s)
warning: RegretKappa/Challenge/UnknownBT.lean:86:8: declaration uses `sorry`
warning: RegretKappa/Challenge/UnknownBT.lean:88:8: declaration uses `sorry`
warning: RegretKappa/Challenge/UnknownBT.lean:90:8: declaration uses `sorry`
warning: RegretKappa/Challenge/UnknownBT.lean:92:8: declaration uses `sorry`
⚠ [8929/8929] Built RegretKappa.Challenge (7.0s)
warning: RegretKappa/Challenge.lean:58:8: declaration uses `sorry`
warning: RegretKappa/Challenge.lean:60:8: declaration uses `sorry`
warning: RegretKappa/Challenge.lean:62:8: declaration uses `sorry`
warning: RegretKappa/Challenge.lean:64:8: declaration uses `sorry`
warning: RegretKappa/Challenge.lean:66:8: declaration uses `sorry`
Build completed successfully (8929 jobs).
Exporting #[Quot, Quot.mk, Quot.lift, Quot.ind, RegretKappa.main, RegretKappa.mainChain, RegretKappa.mainBoundedFeatures, RegretKappa.mainBoundedFeaturesChain, RegretKappa.randLowerBound, RegretKappa.UpperSharp.theoremU, RegretKappa.UpperSharp.theoremULog, RegretKappa.LowerSharp.lowerSharpAdv, RegretKappa.LowerSharp.lowerSharpBound, RegretKappa.LowerSharp.lowerSharpSimplified, RegretKappa.UnknownBT.theoremB, RegretKappa.UnknownBT.optimality, RegretKappa.UnknownBT.UB.scaleFreeBound_twelve, RegretKappa.UnknownBT.UB.answer, propext, Quot.sound, Classical.choice, Nat.add, Nat.sub, Nat.mul, Nat.pow, Nat.gcd, Nat.div, Nat.mod, Nat.beq, Nat.ble, Nat.land, Nat.lor, Nat.xor, Nat.shiftLeft, Nat.shiftRight, String.ofList, Char.ofNat, List, eagerReduce, Nat, String, String.mk, Char, optParam, autoParam, semiOutParam, outParam] from RegretKappa.Challenge
Building RegretKappa.Solution
Build completed successfully (8988 jobs).
Exporting #[Quot, Quot.mk, Quot.lift, Quot.ind, RegretKappa.main, RegretKappa.mainChain, RegretKappa.mainBoundedFeatures, RegretKappa.mainBoundedFeaturesChain, RegretKappa.randLowerBound, RegretKappa.UpperSharp.theoremU, RegretKappa.UpperSharp.theoremULog, RegretKappa.LowerSharp.lowerSharpAdv, RegretKappa.LowerSharp.lowerSharpBound, RegretKappa.LowerSharp.lowerSharpSimplified, RegretKappa.UnknownBT.theoremB, RegretKappa.UnknownBT.optimality, RegretKappa.UnknownBT.UB.scaleFreeBound_twelve, RegretKappa.UnknownBT.UB.answer, propext, Quot.sound, Classical.choice, Nat.add, Nat.sub, Nat.mul, Nat.pow, Nat.gcd, Nat.div, Nat.mod, Nat.beq, Nat.ble, Nat.land, Nat.lor, Nat.xor, Nat.shiftLeft, Nat.shiftRight, String.ofList, Char.ofNat, List, eagerReduce, Nat, String, String.mk, Char, optParam, autoParam, semiOutParam, outParam] from RegretKappa.Solution
uncaught exception: Const does not match between challenge and target 'RegretKappa.UnknownBT.UnknownBTEveryT'
memory.peak 2523971584
COMPARATOR FAIL (nanoda): 153 s wall, memory peak 2407 MiB
control everyT: PASS
