# Negative control closedForm of .github/comparator-controls.tsv before the release, finished 2026-10-02T17:14:34Z, on the sources of clean_build.out (sources sha256 7b8dd470e885c2518c14c07f5b55ec1cedc3f5f8a60214d89b4ff4251cde9119): in
# RegretKappa/Challenge.lean the term + 0.37 of the upper bound of MainTheorem changed to + 0.36 (that line only), then the same Comparator run, which must reject it at the comparison of MainTheorem.
Building RegretKappa.Challenge
⚠ [8926/8928] Replayed RegretKappa.Challenge.UpperSharp
warning: RegretKappa/Challenge/UpperSharp.lean:42:8: declaration uses `sorry`
warning: RegretKappa/Challenge/UpperSharp.lean:44:8: declaration uses `sorry`
⚠ [8927/8928] Built RegretKappa.Challenge.LowerSharp (5.4s)
warning: RegretKappa/Challenge/LowerSharp.lean:45:8: declaration uses `sorry`
warning: RegretKappa/Challenge/LowerSharp.lean:47:8: declaration uses `sorry`
warning: RegretKappa/Challenge/LowerSharp.lean:49:8: declaration uses `sorry`
⚠ [8928/8928] Built RegretKappa.Challenge (6.1s)
warning: RegretKappa/Challenge.lean:57:8: declaration uses `sorry`
warning: RegretKappa/Challenge.lean:59:8: declaration uses `sorry`
warning: RegretKappa/Challenge.lean:61:8: declaration uses `sorry`
warning: RegretKappa/Challenge.lean:63:8: declaration uses `sorry`
warning: RegretKappa/Challenge.lean:65:8: declaration uses `sorry`
Build completed successfully (8928 jobs).
Exporting #[Quot, Quot.mk, Quot.lift, Quot.ind, RegretKappa.main, RegretKappa.mainChain, RegretKappa.mainBoundedFeatures, RegretKappa.mainBoundedFeaturesChain, RegretKappa.randLowerBound, RegretKappa.UpperSharp.theoremU, RegretKappa.UpperSharp.theoremULog, RegretKappa.LowerSharp.lowerSharpAdv, RegretKappa.LowerSharp.lowerSharpBound, RegretKappa.LowerSharp.lowerSharpSimplified, propext, Quot.sound, Classical.choice, Nat.add, Nat.sub, Nat.mul, Nat.pow, Nat.gcd, Nat.div, Nat.mod, Nat.beq, Nat.ble, Nat.land, Nat.lor, Nat.xor, Nat.shiftLeft, Nat.shiftRight, String.ofList, Char.ofNat, List, eagerReduce, Nat, String, String.mk, Char, optParam, autoParam, semiOutParam, outParam] from RegretKappa.Challenge
Building RegretKappa.Solution
Build completed successfully (8971 jobs).
Exporting #[Quot, Quot.mk, Quot.lift, Quot.ind, RegretKappa.main, RegretKappa.mainChain, RegretKappa.mainBoundedFeatures, RegretKappa.mainBoundedFeaturesChain, RegretKappa.randLowerBound, RegretKappa.UpperSharp.theoremU, RegretKappa.UpperSharp.theoremULog, RegretKappa.LowerSharp.lowerSharpAdv, RegretKappa.LowerSharp.lowerSharpBound, RegretKappa.LowerSharp.lowerSharpSimplified, propext, Quot.sound, Classical.choice, Nat.add, Nat.sub, Nat.mul, Nat.pow, Nat.gcd, Nat.div, Nat.mod, Nat.beq, Nat.ble, Nat.land, Nat.lor, Nat.xor, Nat.shiftLeft, Nat.shiftRight, String.ofList, Char.ofNat, List, eagerReduce, Nat, String, String.mk, Char, optParam, autoParam, semiOutParam, outParam] from RegretKappa.Solution
uncaught exception: Const does not match between challenge and target 'RegretKappa.MainTheorem'
memory.peak 2243424256
COMPARATOR FAIL (nanoda): 88 s wall, memory peak 2139 MiB
exit 1
