values extracted from the other implementations: 223 lines, 56 kinds
== author, drift_check.out
MATCH    author cell 0 subintervals                                 theirs 1  ours 1
MATCH    author cell 1 subintervals                                 theirs 1  ours 1
MATCH    author cell 2 subintervals                                 theirs 1  ours 1
MATCH    author cell 3 subintervals                                 theirs 1  ours 1
MATCH    author cell 4 subintervals                                 theirs 1  ours 1
MATCH    author cell 5 subintervals                                 theirs 1  ours 1
MATCH    author cell 6 subintervals                                 theirs 1  ours 1
MATCH    author cell 7 subintervals                                 theirs 1  ours 1
MATCH    author cell 8 subintervals                                 theirs 2  ours 2
MATCH    author cell 9 subintervals                                 theirs 2  ours 2
MATCH    author cell 10 subintervals                                theirs 4  ours 4
MATCH    author cell 11 subintervals                                theirs 7  ours 7
MATCH    author cell 12 subintervals                                theirs 11  ours 11
MATCH    author cell 13 subintervals                                theirs 18  ours 18
MATCH    author cell 14 subintervals                                theirs 32  ours 32
MATCH    author cell 15 subintervals                                theirs 51  ours 51
MATCH    author cell 16 subintervals                                theirs 65  ours 65
MATCH    author cell 17 subintervals                                theirs 67  ours 67
MATCH    author cell 18 subintervals                                theirs 64  ours 64
MATCH    author cell 19 subintervals                                theirs 64  ours 64
MATCH    author cell 20 subintervals                                theirs 64  ours 64
MATCH    author cell 21 subintervals                                theirs 64  ours 64
MATCH    author cell 22 subintervals                                theirs 64  ours 64
MATCH    author cell 23 subintervals                                theirs 64  ours 64
MATCH    author cell 24 subintervals                                theirs 93  ours 93
MATCH    author cell 25 subintervals                                theirs 128  ours 128
MATCH    author cell 26 subintervals                                theirs 128  ours 128
MATCH    author cell 27 subintervals                                theirs 128  ours 128
MATCH    author total subintervals                                  theirs 1128  ours 1128
MATCH    author max bisection depth                                 theirs 7  ours 7
MATCH    author smallest rational margin                            theirs 0.000723999  ours 0.0007239988364009 (|diff| 1.64e-10, unit 1e-09)
MATCH    author grid min of drift - 1 on [0, 2.8)                   theirs 0.089149  ours 0.08914928650 (|diff| 2.86e-07, unit 1e-06)
MATCH    author grid argmin on [0, 2.8)                             theirs 1.6998  ours 1.6997500 (|diff| 5.00e-05, unit 1e-04)
MATCH    author grid min of drift - 1 on [2.8, 12]                  theirs 0.959638  ours 0.9596383397 (|diff| 3.40e-07, unit 1e-06)
MATCH    author grid argmin on [2.8, 12]                            theirs 2.8000  ours 2.8000000 (|diff| 6.91e-78, unit 1e-04)
MATCH    author phi(2.8)                                            theirs 0.382663  ours 0.3826632897 (|diff| 2.90e-07, unit 1e-06)
MATCH    author max of e^{-x/2}(x/2 + x^2/4) at x = 1 + sqrt 5      theirs 0.839962  ours 0.8399620947 (|diff| 9.47e-08, unit 1e-06)
== author, phase2_check.out
MATCH    author J                                                   theirs 2.467401  ours 2.467401100 (|diff| 1.00e-07, unit 1e-06)
MATCH    author E Z^2                                               theirs 0.522764  ours 0.5227638642 (|diff| 1.36e-07, unit 1e-06)
MATCH    author c0 = -log(A^2/(4 pi^2)) + 1 + E Z^2                 theirs 3.812224  ours 3.812223636 (|diff| 3.64e-07, unit 1e-06)
MATCH    author c1                                                  theirs 3.318633  ours 3.318632795 (|diff| 2.05e-07, unit 1e-06)
MATCH    author vT(0.0000, 100000)                                  theirs 7.309290  ours 7.309289587 (|diff| 4.13e-07, unit 1e-06)
MATCH    author Phi0(0.0000, 100000)                                theirs 6.807931  ours 6.807930745 (|diff| 2.55e-07, unit 1e-06)
MATCH    author validity k >= pi^2 e^2 r^2 at (0.0000, 100000)      theirs 1  ours 1
MATCH    author vT(1.0000, 100000)                                  theirs 6.513272  ours 6.513271579 (|diff| 4.21e-07, unit 1e-06)
MATCH    author Phi0(1.0000, 100000)                                theirs 5.997001  ours 5.997000528 (|diff| 4.72e-07, unit 1e-06)
MATCH    author validity k >= pi^2 e^2 r^2 at (1.0000, 100000)      theirs 1  ours 1
MATCH    author vT(2.0000, 100000)                                  theirs 5.952817  ours 5.952816995 (|diff| 5.25e-09, unit 1e-06)
MATCH    author Phi0(2.0000, 100000)                                theirs 5.421636  ours 5.421636384 (|diff| 3.84e-07, unit 1e-06)
MATCH    author validity k >= pi^2 e^2 r^2 at (2.0000, 100000)      theirs 1  ours 1
MATCH    author vT(3.0000, 100000)                                  theirs 5.521367  ours 5.521367455 (|diff| 4.55e-07, unit 1e-06)
MATCH    author Phi0(3.0000, 100000)                                theirs 4.975349  ours 4.975349281 (|diff| 2.81e-07, unit 1e-06)
MATCH    author validity k >= pi^2 e^2 r^2 at (3.0000, 100000)      theirs 1  ours 1
MATCH    author vT(4.0000, 100000)                                  theirs 5.171471  ours 5.171470984 (|diff| 1.56e-08, unit 1e-06)
MATCH    author Phi0(4.0000, 100000)                                theirs 4.610706  ours 4.610706167 (|diff| 1.67e-07, unit 1e-06)
MATCH    author validity k >= pi^2 e^2 r^2 at (4.0000, 100000)      theirs 1  ours 1
MATCH    author vT(5.0000, 100000)                                  theirs 4.877820  ours 4.877820083 (|diff| 8.25e-08, unit 1e-06)
MATCH    author Phi0(5.0000, 100000)                                theirs 4.302405  ours 4.302404808 (|diff| 1.92e-07, unit 1e-06)
MATCH    author validity k >= pi^2 e^2 r^2 at (5.0000, 100000)      theirs 1  ours 1
MATCH    author vT(6.0000, 100000)                                  theirs 4.625311  ours 4.625310999 (|diff| 1.30e-09, unit 1e-06)
MATCH    author Phi0(6.0000, 100000)                                theirs 4.035342  ours 4.035342022 (|diff| 2.25e-08, unit 1e-06)
MATCH    author validity k >= pi^2 e^2 r^2 at (6.0000, 100000)      theirs 1  ours 1
MATCH    author vT(8.0000, 100000)                                  theirs 4.207847  ours 4.207846753 (|diff| 2.47e-07, unit 1e-06)
MATCH    author Phi0(8.0000, 100000)                                theirs 3.589055  ours 3.589054920 (|diff| 8.02e-08, unit 1e-06)
MATCH    author validity k >= pi^2 e^2 r^2 at (8.0000, 100000)      theirs 1  ours 1
MATCH    author vT(10.0000, 100000)                                 theirs 3.871661  ours 3.871661455 (|diff| 4.55e-07, unit 1e-06)
MATCH    author Phi0(10.0000, 100000)                               theirs 3.224412  ours 3.224411806 (|diff| 1.94e-07, unit 1e-06)
MATCH    author validity k >= pi^2 e^2 r^2 at (10.0000, 100000)     theirs 1  ours 1
MATCH    author vT(12.0000, 100000)                                 theirs 3.591471  ours 3.591471187 (|diff| 1.87e-07, unit 1e-06)
MATCH    author Phi0(12.0000, 100000)                               theirs 2.916110  ours 2.916110447 (|diff| 4.47e-07, unit 1e-06)
MATCH    author validity k >= pi^2 e^2 r^2 at (12.0000, 100000)     theirs 1  ours 1
MATCH    author vT(17.8314, 100000)                                 theirs 2.975193  ours 2.975193278 (|diff| 2.78e-07, unit 1e-06)
MATCH    author Phi0(17.8314, 100000)                               theirs 2.219692  ours 2.219692026 (|diff| 2.55e-08, unit 1e-06)
MATCH    author validity k >= pi^2 e^2 r^2 at (17.8314, 100000)     theirs 1  ours 1
MATCH    author vT(26.4965, 100000)                                 theirs 2.364821  ours 2.364821435 (|diff| 4.35e-07, unit 1e-06)
MATCH    author Phi0(26.4965, 100000)                               theirs 1.494663  ours 1.494662560 (|diff| 4.40e-07, unit 1e-06)
MATCH    author validity k >= pi^2 e^2 r^2 at (26.4965, 100000)     theirs 1  ours 1
MATCH    author vT(39.3724, 100000)                                 theirs 1.781367  ours 1.781366714 (|diff| 2.86e-07, unit 1e-06)
MATCH    author Phi0(39.3724, 100000)                               theirs 0.748997  ours 0.7489971221 (|diff| 1.22e-07, unit 1e-06)
MATCH    author validity k >= pi^2 e^2 r^2 at (39.3724, 100000)     theirs 0  ours 0
MATCH    author vT(58.5053, 100000)                                 theirs 1.247723  ours 1.247722864 (|diff| 1.36e-07, unit 1e-06)
MATCH    author Phi0(58.5053, 100000)                               theirs -0.011237  ours -0.011236823199 (|diff| 1.77e-07, unit 1e-06)
MATCH    author validity k >= pi^2 e^2 r^2 at (58.5053, 100000)     theirs 0  ours 0
MATCH    author vT(86.9358, 100000)                                 theirs 0.789106  ours 0.7891062306 (|diff| 2.31e-07, unit 1e-06)
MATCH    author Phi0(86.9358, 100000)                               theirs -0.781604  ours -0.78160441643 (|diff| 4.16e-07, unit 1e-06)
MATCH    author validity k >= pi^2 e^2 r^2 at (86.9358, 100000)     theirs 0  ours 0
MATCH    author vT(129.1820, 100000)                                theirs 0.430044  ours 0.4300439751 (|diff| 2.49e-08, unit 1e-06)
MATCH    author Phi0(129.1820, 100000)                              theirs -1.558946  ours -1.5589462381 (|diff| 2.38e-07, unit 1e-06)
MATCH    author validity k >= pi^2 e^2 r^2 at (129.1820, 100000)    theirs 0  ours 0
MATCH    author vT(191.9576, 100000)                                theirs 0.182662  ours 0.1826623733 (|diff| 3.73e-07, unit 1e-06)
MATCH    author Phi0(191.9576, 100000)                              theirs -2.341054  ours -2.3410540511 (|diff| 5.11e-08, unit 1e-06)
MATCH    author validity k >= pi^2 e^2 r^2 at (191.9576, 100000)    theirs 0  ours 0
MATCH    author vT(233.9952, 100000)                                theirs 0.097871  ours 0.09787142022 (|diff| 4.20e-07, unit 1e-06)
MATCH    author Phi0(233.9952, 100000)                              theirs -2.733398  ours -2.7333978259 (|diff| 1.74e-07, unit 1e-06)
MATCH    author validity k >= pi^2 e^2 r^2 at (233.9952, 100000)    theirs 0  ours 0
MATCH    author vT(0.0000, 1000000)                                 theirs 9.590360  ours 9.590359699 (|diff| 3.01e-07, unit 1e-06)
MATCH    author Phi0(0.0000, 1000000)                               theirs 9.110575  ours 9.110575495 (|diff| 4.95e-07, unit 1e-06)
MATCH    author validity k >= pi^2 e^2 r^2 at (0.0000, 1000000)     theirs 1  ours 1
MATCH    author vT(1.0000, 1000000)                                 theirs 8.784229  ours 8.784228547 (|diff| 4.53e-07, unit 1e-06)
MATCH    author Phi0(1.0000, 1000000)                               theirs 8.299645  ours 8.299645278 (|diff| 2.78e-07, unit 1e-06)
MATCH    author validity k >= pi^2 e^2 r^2 at (1.0000, 1000000)     theirs 1  ours 1
MATCH    author vT(2.0000, 1000000)                                 theirs 8.213688  ours 8.213687917 (|diff| 8.34e-08, unit 1e-06)
MATCH    author Phi0(2.0000, 1000000)                               theirs 7.724281  ours 7.724281133 (|diff| 1.33e-07, unit 1e-06)
MATCH    author validity k >= pi^2 e^2 r^2 at (2.0000, 1000000)     theirs 1  ours 1
MATCH    author vT(3.0000, 1000000)                                 theirs 7.772225  ours 7.772224752 (|diff| 2.48e-07, unit 1e-06)
MATCH    author Phi0(3.0000, 1000000)                               theirs 7.277994  ours 7.277994031 (|diff| 3.08e-08, unit 1e-06)
MATCH    author validity k >= pi^2 e^2 r^2 at (3.0000, 1000000)     theirs 1  ours 1
MATCH    author vT(4.0000, 1000000)                                 theirs 7.412398  ours 7.412398412 (|diff| 4.12e-07, unit 1e-06)
MATCH    author Phi0(4.0000, 1000000)                               theirs 6.913351  ours 6.913350917 (|diff| 8.28e-08, unit 1e-06)
MATCH    author validity k >= pi^2 e^2 r^2 at (4.0000, 1000000)     theirs 1  ours 1
MATCH    author vT(5.0000, 1000000)                                 theirs 7.108904  ours 7.108903697 (|diff| 3.03e-07, unit 1e-06)
MATCH    author Phi0(5.0000, 1000000)                               theirs 6.605050  ours 6.605049558 (|diff| 4.42e-07, unit 1e-06)
MATCH    author validity k >= pi^2 e^2 r^2 at (5.0000, 1000000)     theirs 1  ours 1
MATCH    author vT(6.0000, 1000000)                                 theirs 6.846636  ours 6.846636151 (|diff| 1.51e-07, unit 1e-06)
MATCH    author Phi0(6.0000, 1000000)                               theirs 6.337987  ours 6.337986772 (|diff| 2.28e-07, unit 1e-06)
MATCH    author validity k >= pi^2 e^2 r^2 at (6.0000, 1000000)     theirs 1  ours 1
MATCH    author vT(8.0000, 1000000)                                 theirs 6.409903  ours 6.409903446 (|diff| 4.46e-07, unit 1e-06)
MATCH    author Phi0(8.0000, 1000000)                               theirs 5.891700  ours 5.891699670 (|diff| 3.30e-07, unit 1e-06)
MATCH    author validity k >= pi^2 e^2 r^2 at (8.0000, 1000000)     theirs 1  ours 1
MATCH    author vT(10.0000, 1000000)                                theirs 6.054766  ours 6.054766035 (|diff| 3.46e-08, unit 1e-06)
MATCH    author Phi0(10.0000, 1000000)                              theirs 5.527057  ours 5.527056556 (|diff| 4.44e-07, unit 1e-06)
MATCH    author validity k >= pi^2 e^2 r^2 at (10.0000, 1000000)    theirs 1  ours 1
MATCH    author vT(12.0000, 1000000)                                theirs 5.755922  ours 5.755922300 (|diff| 3.00e-07, unit 1e-06)
MATCH    author Phi0(12.0000, 1000000)                              theirs 5.218755  ours 5.218755196 (|diff| 1.96e-07, unit 1e-06)
MATCH    author validity k >= pi^2 e^2 r^2 at (12.0000, 1000000)    theirs 1  ours 1
MATCH    author vT(17.8314, 1000000)                                theirs 5.086816  ours 5.086816068 (|diff| 6.81e-08, unit 1e-06)
MATCH    author Phi0(17.8314, 1000000)                              theirs 4.522337  ours 4.522336775 (|diff| 2.25e-07, unit 1e-06)
MATCH    author validity k >= pi^2 e^2 r^2 at (17.8314, 1000000)    theirs 1  ours 1
MATCH    author vT(26.4965, 1000000)                                theirs 4.401698  ours 4.401697560 (|diff| 4.40e-07, unit 1e-06)
MATCH    author Phi0(26.4965, 1000000)                              theirs 3.797307  ours 3.797307310 (|diff| 3.10e-07, unit 1e-06)
MATCH    author validity k >= pi^2 e^2 r^2 at (26.4965, 1000000)    theirs 1  ours 1
MATCH    author vT(39.3724, 1000000)                                theirs 3.714004  ours 3.714004038 (|diff| 3.76e-08, unit 1e-06)
MATCH    author Phi0(39.3724, 1000000)                              theirs 3.051642  ours 3.051641872 (|diff| 1.28e-07, unit 1e-06)
MATCH    author validity k >= pi^2 e^2 r^2 at (39.3724, 1000000)    theirs 1  ours 1
MATCH    author vT(58.5053, 1000000)                                theirs 3.037333  ours 3.037332626 (|diff| 3.74e-07, unit 1e-06)
MATCH    author Phi0(58.5053, 1000000)                              theirs 2.291408  ours 2.291407927 (|diff| 7.33e-08, unit 1e-06)
MATCH    author validity k >= pi^2 e^2 r^2 at (58.5053, 1000000)    theirs 1  ours 1
MATCH    author vT(86.9358, 1000000)                                theirs 2.386271  ours 2.386271061 (|diff| 6.13e-08, unit 1e-06)
MATCH    author Phi0(86.9358, 1000000)                              theirs 1.521040  ours 1.521040333 (|diff| 3.33e-07, unit 1e-06)
MATCH    author validity k >= pi^2 e^2 r^2 at (86.9358, 1000000)    theirs 1  ours 1
MATCH    author vT(129.1820, 1000000)                               theirs 1.777347  ours 1.777346730 (|diff| 2.70e-07, unit 1e-06)
MATCH    author Phi0(129.1820, 1000000)                             theirs 0.743699  ours 0.7436985117 (|diff| 4.88e-07, unit 1e-06)
MATCH    author validity k >= pi^2 e^2 r^2 at (129.1820, 1000000)   theirs 0  ours 0
MATCH    author vT(191.9576, 1000000)                               theirs 1.229966  ours 1.229966485 (|diff| 4.85e-07, unit 1e-06)
MATCH    author Phi0(191.9576, 1000000)                             theirs -0.038409  ours -0.038409301272 (|diff| 3.01e-07, unit 1e-06)
MATCH    author validity k >= pi^2 e^2 r^2 at (191.9576, 1000000)   theirs 0  ours 0
MATCH    author vT(233.9952, 1000000)                               theirs 0.986347  ours 0.9863467744 (|diff| 2.26e-07, unit 1e-06)
MATCH    author Phi0(233.9952, 1000000)                             theirs -0.430753  ours -0.43075307599 (|diff| 7.60e-08, unit 1e-06)
MATCH    author validity k >= pi^2 e^2 r^2 at (233.9952, 1000000)   theirs 0  ours 0
(time 120.1 s)
MATCH    author grid min of vT - Phi0 (k in 1e3, 1e4, 1e5; rho step 1/4) theirs 0.501359  ours 0.5013588419 (|diff| 1.58e-07, unit 1e-06)
MATCH    author grid argmin k                                       theirs 100000  ours 100000
MATCH    author grid argmin rho                                     theirs 0.00  ours 0.00000000 (|diff| 0.00e+00, unit 1e-02)
(time 70.9 s)
== author, total_bound.out
MATCH    author j_0(1000)                                           theirs 4  ours 4
MATCH    author L(1000)                                             theirs 3.0515  ours 3.0514573 (|diff| 4.27e-05, unit 1e-04)
MATCH    author B(1000)                                             theirs 3.2370  ours 3.2369974 (|diff| 2.59e-06, unit 1e-04)
MATCH    author Bsimple(1000)                                       theirs 1.4018  ours 1.4017763 (|diff| 2.37e-05, unit 1e-04)
MATCH    author j_0(10000)                                          theirs 4  ours 4
MATCH    author L(10000)                                            theirs 7.6566  ours 7.6566275 (|diff| 2.75e-05, unit 1e-04)
MATCH    author B(10000)                                            theirs 9.5525  ours 9.5524526 (|diff| 4.74e-05, unit 1e-04)
MATCH    author Bsimple(10000)                                      theirs 7.8840  ours 7.8840322 (|diff| 3.22e-05, unit 1e-04)
MATCH    author j_0(100000)                                         theirs 4  ours 4
MATCH    author L(100000)                                           theirs 12.2618  ours 12.2617977 (|diff| 2.34e-06, unit 1e-04)
MATCH    author B(100000)                                           theirs 16.0532  ours 16.0531959 (|diff| 4.12e-06, unit 1e-04)
MATCH    author Bsimple(100000)                                     theirs 14.4679  ours 14.4679238 (|diff| 2.38e-05, unit 1e-04)
MATCH    author j_0(316228)                                         theirs 4  ours 4
MATCH    author L(316228)                                           theirs 14.5644  ours 14.5643842 (|diff| 1.58e-05, unit 1e-04)
MATCH    author B(316228)                                           theirs 19.3347  ours 19.3347049 (|diff| 4.88e-06, unit 1e-04)
MATCH    author Bsimple(316228)                                     theirs 17.7850  ours 17.7849726 (|diff| 2.74e-05, unit 1e-04)
MATCH    author j_0(1000000)                                        theirs 4  ours 4
MATCH    author L(1000000)                                          theirs 16.8670  ours 16.8669678 (|diff| 3.22e-05, unit 1e-04)
MATCH    author B(1000000)                                          theirs 22.6296  ours 22.6296222 (|diff| 2.22e-05, unit 1e-04)
MATCH    author Bsimple(1000000)                                    theirs 21.1147  ours 21.1146695 (|diff| 3.05e-05, unit 1e-04)
MATCH    author j_0(1.e7)                                           theirs 4  ours 4
MATCH    author L(1.e7)                                             theirs 21.4721  ours 21.4721380 (|diff| 3.80e-05, unit 1e-04)
MATCH    author B(1.e7)                                             theirs 29.2484  ours 29.2483973 (|diff| 2.67e-06, unit 1e-04)
MATCH    author Bsimple(1.e7)                                       theirs 27.8041  ours 27.8040774 (|diff| 2.26e-05, unit 1e-04)
MATCH    author j_0(1.e8)                                           theirs 5  ours 5
MATCH    author L(1.e8)                                             theirs 25.6310  ours 25.6310211 (|diff| 2.11e-05, unit 1e-04)
MATCH    author B(1.e8)                                             theirs 35.8868  ours 35.8868205 (|diff| 2.05e-05, unit 1e-04)
MATCH    author Bsimple(1.e8)                                       theirs 34.5243  ours 34.5243101 (|diff| 1.01e-05, unit 1e-04)
MATCH    author j_0(1.e10)                                          theirs 5  ours 5
MATCH    author L(1.e10)                                            theirs 34.8414  ours 34.8413615 (|diff| 3.85e-05, unit 1e-04)
MATCH    author B(1.e10)                                            theirs 49.3860  ours 49.3860166 (|diff| 1.66e-05, unit 1e-04)
MATCH    author Bsimple(1.e10)                                      theirs 48.0296  ours 48.0295837 (|diff| 1.63e-05, unit 1e-04)
MATCH    author j_0(1.e15)                                          theirs 5  ours 5
MATCH    author L(1.e15)                                            theirs 57.8672  ours 57.8672124 (|diff| 1.24e-05, unit 1e-04)
MATCH    author B(1.e15)                                            theirs 83.3041  ours 83.3041081 (|diff| 8.07e-06, unit 1e-04)
MATCH    author Bsimple(1.e15)                                      theirs 82.0137  ours 82.0137400 (|diff| 4.00e-05, unit 1e-04)
MATCH    author j_0(1.e20)                                          theirs 5  ours 5
MATCH    author L(1.e20)                                            theirs 80.8931  ours 80.8930633 (|diff| 3.67e-05, unit 1e-04)
MATCH    author B(1.e20)                                            theirs 117.3423  ours 117.3422661 (|diff| 3.39e-05, unit 1e-04)
MATCH    author Bsimple(1.e20)                                      theirs 116.1654  ours 116.1653718 (|diff| 2.82e-05, unit 1e-04)
MATCH    author j_0(T_0)                                            theirs 4  ours 4
MATCH    author L(T_0)                                              theirs 14.799706  ours 14.799705741 (|diff| 2.60e-07, unit 1e-06)
MATCH    author L_low(T_0)                                          theirs 14.500005  ours 14.500005366 (|diff| 3.66e-07, unit 1e-06)
MATCH    author eps_14.5                                            theirs 0.080446  ours 0.08044633600 (|diff| 3.36e-07, unit 1e-06)
MATCH    author F(T_0)                                              theirs 174194.667  ours 174194.666805 (|diff| 1.95e-04, unit 1e-03)
MATCH    author sqrt(5/8) exp(-14.5/4)                              theirs 0.02107  ours 0.0210679613 (|diff| 2.04e-06, unit 1e-05)
MATCH    author scan min of B - Bsimple (grid T_0 10^(i/50) assumed) theirs 1.137607  ours 1.137606770 (|diff| 2.30e-07, unit 1e-06)
MATCH    author scan argmin T (4 significant digits)                theirs 2.959e21  ours 2.958691863e21 (|diff| 3.08e+17, unit 3e+18)
MATCH    author log log T_0                                         theirs 2.548029  ours 2.548028504 (|diff| 4.96e-07, unit 1e-06)
MATCH    author v - 2 log(v + 2.1) at log log T_0                   theirs -0.524858  ours -0.52485779998 (|diff| 2.00e-07, unit 1e-06)
MATCH    author 6 log log T_0                                       theirs 15.288171  ours 15.288171025 (|diff| 2.55e-08, unit 1e-06)
MATCH    author B/log T at 10^6                                     theirs 1.6380  ours 1.6379867 (|diff| 1.33e-05, unit 1e-04)
MATCH    author B/log T at 10^10                                    theirs 2.1448  ours 2.1448075 (|diff| 7.45e-06, unit 1e-04)
MATCH    author B/log T at 10^20                                    theirs 2.5481  ours 2.5480549 (|diff| 4.51e-05, unit 1e-04)
MATCH    author B/log T at 10^50                                    theirs 2.8086  ours 2.8086360 (|diff| 3.60e-05, unit 1e-04)
MATCH    author B/log T at 10^100                                   theirs 2.9010  ours 2.9010182 (|diff| 1.82e-05, unit 1e-04)
== referee, drift.txt and kstar.txt
MATCH    referee move table                                         theirs 1  ours 1
MATCH    referee rational upper bound of phi(2.8) (within 1e-15 above) theirs 0.38266328967782309925016751937488208287195679339797  ours 0.382663289677823096657602923983448120903874615852647726 (|diff| 2.59e-18, unit 1e-15)
         (their upper bound minus phi(2.8) = 2.593e-18, positive: True)
MATCH    referee grid min of the drift on [0, 2.8)                  theirs 1.0891492864993732081651707841281333363295479038299  ours 1.0891492864993732081651707841281333363295479038298957 (|diff| 4.34e-51, unit 1e-49)
MATCH    referee grid argmin on [0, 2.8)                            theirs 1.6997500000000000000000000000000000000000000000000  ours 1.6997500000000000000000000000000000000000000000000000 (|diff| 1.05e-77, unit 1e-49)
MATCH    referee grid min of the drift on [2.8, 12]                 theirs 1.9596383396912330990311496586039406446868162752050  ours 1.9596383396912330990311496586039406446868162752049503 (|diff| 4.97e-50, unit 1e-49)
MATCH    referee grid argmin on [2.8, 12]                           theirs 2.8000000000000000000000000000000000000000000000000  ours 2.8000000000000000000000000000000000000000000000000000 (|diff| 6.91e-78, unit 1e-49)
MATCH    referee grid min of the drift on [12, 40], step 1/100      theirs 2.50000000000  ours 2.50000000000000 (|diff| 3.03e-28, unit 1e-11)
         rho = 1.6000: golden section K = 7.14255621243664493787195746422338625131074186, Newton K = 7.14255621243664493787195746422338625131074186, |difference| 7.4e-119
MISMATCH referee K(rho) = 1/max_s gain at rho = 1.6000              theirs 7.1425562124366449378719574642233862521  ours 7.1425562124366449378719574642233862513107 (|diff| 7.89e-37, unit 1e-37)
MATCH    referee best move s at rho = 1.6000 (to 1e-12)             theirs 0.16097932212302164373620629046380088273  ours 0.160979322123021643748650542906098157468970 (|diff| 1.24e-20, unit 1e-12)
         rho = 1.6500: golden section K = 7.15974619903282116384203893503139954205506777, Newton K = 7.15974619903282116384203893503139954205506777, |difference| 1.9e-118
MISMATCH referee K(rho) = 1/max_s gain at rho = 1.6500              theirs 7.1597461990328211638420389350313995436  ours 7.1597461990328211638420389350313995420551 (|diff| 1.54e-36, unit 1e-37)
MATCH    referee best move s at rho = 1.6500 (to 1e-12)             theirs 0.14821535780805727807533507106031059752  ours 0.148215357808057278102734177838025368877243 (|diff| 2.74e-20, unit 1e-12)
         rho = 1.7000: golden section K = 7.14689474371607760446050165475253345498703151, Newton K = 7.14689474371607760446050165475253345498703151, |difference| 2.0e-118
MISMATCH referee K(rho) = 1/max_s gain at rho = 1.7000              theirs 7.1468947437160776044605016547525334567  ours 7.1468947437160776044605016547525334549870 (|diff| 1.71e-36, unit 1e-37)
MATCH    referee best move s at rho = 1.7000 (to 1e-12)             theirs 0.13666303169355562927378910871991302116  ours 0.136663031693555629289898875959707838939428 (|diff| 1.61e-20, unit 1e-12)
         rho = 1.6550: golden section K = 7.15980233364827431981558716158080786451036331, Newton K = 7.15980233364827431981558716158080786451036331, |difference| 2.6e-118
MISMATCH referee K(rho) = 1/max_s gain at rho = 1.6550              theirs 7.1598023336482743198155871615808078662  ours 7.1598023336482743198155871615808078645104 (|diff| 1.69e-36, unit 1e-37)
MATCH    referee best move s at rho = 1.6550 (to 1e-12)             theirs 0.14700795501983107515161562552538147737  ours 0.147007955019831075104387540874316773648617 (|diff| 4.72e-20, unit 1e-12)
== referee, constants.txt
MATCH    referee J                                                  theirs 2.4674011002723396547086227499690377838284248518101976566033373440550112056048013  ours 2.46740110027233965470862274996903778382842485181019765660334 (|diff| 4.98e-77, unit 1e-79)
MATCH    referee E Z^2                                              theirs 0.52276386419463116178229762765551222209846313595536094256846107817994836563544980  ours 0.522763864194631161782297627655512222098463135955360942568461 (|diff| 1.98e-77, unit 1e-80)
MATCH    referee c_1                                                theirs 3.3186327945303754208677590952849104080277163039893936335854615971015458053292415  ours 3.31863279453037542086775909528491040802771630398939363358546 (|diff| 1.04e-76, unit 1e-79)
MATCH    referee J E Z^2                                            theirs 1.2898681336964528729448303332920503784378998024135968754711164587400149408064017  ours 1.28986813369645287294483033329205037843789980241359687547112 (|diff| 8.36e-77, unit 1e-79)
MATCH    referee log(A^2/(4 pi^2))                                  theirs -2.2894597716988003482868547027061174232945896258306231430272461429442755397696522  ours -2.28945977169880034828685470270611742329458962583062314302725 (|diff| 4.07e-77, unit 1e-79)
MATCH    referee max of (u/2) e^{-u^2/4}                            theirs 0.42888194248035339824009482063938623906039930387628514699987097405897499200915011  ours 0.428881942480353398240094820639386239060399303876285146999871 (|diff| 5.08e-78, unit 1e-80)
MATCH    referee 1 - sqrt(5/8) max                                  theirs 0.66093905361118965121475876072593217880066756388020404372884333485468539540653087  ours 0.660939053611189651214758760725932178800667563880204043728843 (|diff| 5.69e-78, unit 1e-80)
MATCH    referee eps_14.5                                           theirs 0.080446336000304902312236600428396625889203971119941471550989909496260357648990806  ours 0.0804463360003049023122366004283966258892039711199414715509899 (|diff| 2.57e-78, unit 1e-81)
MATCH    referee log 1.1                                            theirs 0.095310179804324860043952123280765092220605365308644199185239808163001014235884233  ours 0.0953101798043248600439521232807650922206053653086441991852398 (|diff| 1.34e-77, unit 1e-81)
MATCH    referee max over cells of (j+1)/10 + sqrt(s_j)             theirs 2.9191637528781298495405212121297656771088435279707616385150031262942897304820872  ours 2.91916375287812984954052121212976567710884352797076163851500 (|diff| 8.60e-78, unit 1e-79)
MATCH    referee sqrt(5/8) e^{-14.5/4}                              theirs 0.021067961292602404170109492453561508781546014505104116672002758383911547386294106  ours 0.0210679612926024041701094924535615087815460145051041166720028 (|diff| 2.28e-79, unit 1e-81)
MATCH    referee T_0                                                theirs 355713  ours 355713
MATCH    referee L_low(T_0 - 1)                                     theirs 14.499999838062971800505067943364916513007846070998496412402304311571800886077174  ours 14.4999998380629718005050679433649165130078460709984964124023 (|diff| 3.18e-76, unit 1e-78)
MATCH    referee L_low(T_0)                                         theirs 14.500005365914485764915479483542593416828984440516592703036817430162991609816194  ours 14.5000053659144857649154794835425934168289844405165927030368 (|diff| 2.17e-76, unit 1e-78)
MATCH    referee L(T_0)                                             theirs 14.799705740494663879638107645852302281270476114238056687926156378463760082759643  ours 14.7997057404946638796381076458523022812704761142380566879262 (|diff| 1.03e-76, unit 1e-78)
MATCH    referee a(T_0)                                             theirs 3.8470385675860677390883344699065750481407707156304453265282348181300868625825941  ours 3.84703856758606773908833446990657504814077071563044532652823 (|diff| 1.84e-77, unit 1e-79)
MATCH    referee a+(T_0)                                            theirs 3.8665856693727362060532322532685913286833234183408371362876862236425157204881077  ours 3.86658566937273620605323225326859132868332341834083713628769 (|diff| 2.36e-77, unit 1e-79)
MATCH    referee (C2) left side at T_0                              theirs 156517.72000000000000000000000000000000000000000000000000000000000000000000000000  ours 156517.720000000000000000000000000000000000000000000000000000 (|diff| 1.51e-71, unit 1e-74)
MATCH    referee (C3) right side at T_0                             theirs 2509.9180584230344826420881298086497497145775807448909660825647073402138714680186  ours 2509.91805842303448264208812980864974971457758074489096608256 (|diff| 2.12e-73, unit 1e-76)
MATCH    referee F(T_0)                                             theirs 174194.66680523239521975580563680869344818675044157784554234277249792419900273139  ours 174194.666805232395219755805636808693448186750441577845542343 (|diff| 1.34e-72, unit 1e-74)
MATCH    referee B_0(T_0)                                           theirs 20.037897864050677565425993141204656937870447244450672883984759804835805755951056  ours 20.0378978640506775654259931412046569378704472444506728839848 (|diff| 6.95e-76, unit 1e-78)
MATCH    referee B(T_0)                                             theirs 19.670890962683387408466607219382331030533431263854522441915786377908819336513723  ours 19.6708909626833874084666072193823310305334312638545224419158 (|diff| 7.78e-76, unit 1e-78)
MATCH    referee F'(1000)                                           theirs 0.27448753490081501406176000507274172213632275681528594246528108683379150003106671  ours 0.274487534900815014061760005072741722136322756815285942465281 (|diff| 1.34e-77, unit 1e-80)
MATCH    referee B(100000)                                          theirs 16.053195883463945085083279440420428220746092307903638295000046564182541574100388  ours 16.0531958834639450850832794404204282207460923079036382950000 (|diff| 1.07e-75, unit 1e-78)
MATCH    referee L(100000)                                          theirs 12.261797660592693615640538908725854252355811102868652283542543150780219145600652  ours 12.2617976605926936156405389087258542523558111028686522835425 (|diff| 9.84e-77, unit 1e-78)
MATCH    referee B(355713)                                          theirs 19.670890962683387408466607219382331030533431263854522441915786377908819336513723  ours 19.6708909626833874084666072193823310305334312638545224419158 (|diff| 7.78e-76, unit 1e-78)
MATCH    referee L(355713)                                          theirs 14.799705740494663879638107645852302281270476114238056687926156378463760082759643  ours 14.7997057404946638796381076458523022812704761142380566879262 (|diff| 1.03e-76, unit 1e-78)
MATCH    referee B(1000000)                                         theirs 22.629622166813142080235902005464373125633846551608891933286421592214749703824907  ours 22.6296221668131420802359020054643731256338465516088919332864 (|diff| 3.73e-76, unit 1e-78)
MATCH    referee L(1000000)                                         theirs 16.866967846580784983676521818094582667558014080126198235609198952715364364955357  ours 16.8669678465807849836765218180945826675580140801261982356092 (|diff| 7.96e-79, unit 1e-78)
MATCH    referee B(10000000)                                        theirs 29.248397334252068098099871929053287425845712468115848343462158786429645727969326  ours 29.2483973342520680980998719290532874258457124681158483434622 (|diff| 1.21e-75, unit 1e-78)
MATCH    referee L(10000000)                                        theirs 21.472138032568876351712504727463311082760217057383744187675854754650509584310061  ours 21.4721380325688763517125047274633110827602170573837441876759 (|diff| 1.79e-76, unit 1e-78)
MATCH    referee B(10000000000)                                     theirs 49.386016642943289432078901337435887769212941809145356266834237735273042730601056  ours 49.3860166429432894320789013374358877692129418091453562668342 (|diff| 2.02e-75, unit 1e-78)
MATCH    referee L(10000000000)                                     theirs 34.841361487904730944287863274949827321617623818060367616533246415481161754837640  ours 34.8413614879047309442878632749498273216176238180603676165332 (|diff| 3.25e-76, unit 1e-78)
MATCH    referee B/log T at 10^6                                    theirs 1.6379866724337427574906303645969919279005501723975821546943562393222203982334601  ours 1.63798667243374275749063036459699192790055017239758215469436 (|diff| 2.32e-77, unit 1e-79)
MATCH    referee B/log T at 10^10                                   theirs 2.1448074511212427989485087670624115023164154942360874086185166705414724833649054  ours 2.14480745112124279894850876706241150231641549423608740861852 (|diff| 1.10e-76, unit 1e-79)
MATCH    referee B/log T at 10^20                                   theirs 2.5480549323028563379988067631231952038144032035237008058219285299436402492461666  ours 2.54805493230285633799880676312319520381440320352370080582193 (|diff| 1.07e-76, unit 1e-79)
MATCH    referee B/log T at 10^50                                   theirs 2.8086359716967896496028695203425582183558743251626726791018277333286264456332958  ours 2.80863597169678964960286952034255821835587432516267267910183 (|diff| 1.65e-76, unit 1e-79)
MATCH    referee B/log T at 10^100                                  theirs 2.9010181756995118232171390786359251226898920597591130934564907892617007161671259  ours 2.90101817569951182321713907863592512268989205975911309345649 (|diff| 1.54e-76, unit 1e-79)
MATCH    referee B - simplified at its argmin T (the j_0 jump near 2.5e58) theirs 1.0743030316824551833926888919610955108325365932303799332862574984314892145922976  ours 1.07430303168245518339268889196109551083253659323037993328626 (|diff| 3.01e-75, unit 1e-79)
MATCH    referee min of [14.6 form] - [15.2 form] (at T_0)          theirs 0.075142200020003913897146217999727507074829756244133881332718975684760137611823392  ours 0.0751422000200039138971462179997275070748297562441338813327190 (|diff| 6.14e-76, unit 1e-81)
MATCH    referee min of [15.2 form] - [8 log log T form] (at T_0)   theirs 0.088171025493994897109896194807074618837005881977236524211550082938705107541338099  ours 0.0881710254939948971098961948070746188370058819772365242115501 (|diff| 2.52e-76, unit 1e-81)
MATCH    referee log log T_0                                        theirs 2.5480285042489991495183160324678457698061676469962060873685916804897841845902230  ours 2.54802850424899914951831603246784576980616764699620608736859 (|diff| 2.36e-77, unit 1e-79)
MATCH    referee v - 2 log(v + 2.1) at log log T_0                  theirs -0.52485779997999608610285378200027249292517024375586611866728102431523986238817661  ours -0.524857799979996086102853782000272492925170243755866118667281 (|diff| 2.21e-77, unit 1e-80)
MATCH    referee 6 log log T_0                                      theirs 15.288171025493994897109896194807074618837005881977236524211550082938705107541338  ours 15.2881710254939948971098961948070746188370058819772365242116 (|diff| 1.42e-76, unit 1e-78)
MATCH    referee log 3 + 1                                          theirs 2.0986122886681096913952452369225257046474905578227494517346943336374942932186090  ours 2.09861228866810969139524523692252570464749055782274945173469 (|diff| 5.79e-78, unit 1e-79)
MATCH    referee 2 log(1 + 2/sqrt(14.5))                            theirs 0.84428483944214053238187502099645956630923276278608555388170227471349099502421017  ours 0.844284839442140532381875020996459566309232762786085553881702 (|diff| 8.69e-78, unit 1e-80)
MATCH    referee collected constant                                 theirs 14.540991702758248026572670490486345095531919818687960602134837437010265512562725  ours 14.5409917027582480265726704904863450955319198186879606021348 (|diff| 4.00e-76, unit 1e-78)
MATCH    referee log(k_0)/(2 k_0) + 1/k_0 at T_0                    theirs 3.9606917736193846053803183496590240340351694317310103822538279724501856267172409e-5  ours 0.0000396069177361938460538031834965902403403516943173101038225383 (|diff| 5.18e-82, unit 1e-84)
MATCH    referee dF/dk at k = 3                                     theirs 0.44992290492600609396640251316236253914708280876793052509637190742430523851214494  ours 0.449922904926006093966402513162362539147082808767930525096372 (|diff| 7.51e-78, unit 1e-80)
== referee, phase2.txt
MATCH    referee vT(0, 292)                                         theirs 1.960226  ours 1.960225564 (|diff| 4.36e-07, unit 1e-06)
MATCH    referee Phi_1(0, 292)                                      theirs 0.958682  ours 0.9586815202 (|diff| 4.80e-07, unit 1e-06)
MATCH    referee sum eps^2/w(0, 292)                                theirs 1.855797  ours 1.855797229 (|diff| 2.29e-07, unit 1e-06)
MATCH    referee its lower bound Lambda - 1 - ...(0, 292)           theirs 0.987855  ours 0.9878545431 (|diff| 4.57e-07, unit 1e-06)
MATCH    referee (1+X)/w_k(0, 292)                                  theirs 0.627192  ours 0.6271921995 (|diff| 1.99e-07, unit 1e-06)
MATCH    referee 1/2 - (J-2)/(pi^2 e^2)(0, 292)                     theirs 0.493591  ours 0.4935908414 (|diff| 1.59e-07, unit 1e-06)
MATCH    referee vT(0, 177857)                                      theirs 7.877265  ours 7.877264571 (|diff| 4.29e-07, unit 1e-06)
MATCH    referee Phi_1(0, 177857)                                   theirs 7.383768  ours 7.383768373 (|diff| 3.73e-07, unit 1e-06)
MATCH    referee sum eps^2/w(0, 177857)                             theirs 7.752889  ours 7.752889387 (|diff| 3.87e-07, unit 1e-06)
MATCH    referee its lower bound Lambda - 1 - ...(0, 177857)        theirs 7.412941  ours 7.412941396 (|diff| 3.96e-07, unit 1e-06)
MATCH    referee (1+X)/w_k(0, 177857)                               theirs 0.647139  ours 0.6471390488 (|diff| 4.88e-08, unit 1e-06)
MATCH    referee 1/2 - (J-2)/(pi^2 e^2)(0, 177857)                  theirs 0.493591  ours 0.4935908414 (|diff| 1.59e-07, unit 1e-06)
MATCH    referee vT(0, 1000000)                                     theirs 9.590360  ours 9.590359699 (|diff| 3.01e-07, unit 1e-06)
MATCH    referee Phi_1(0, 1000000)                                  theirs 9.110575  ours 9.110575495 (|diff| 4.95e-07, unit 1e-06)
MATCH    referee sum eps^2/w(0, 1000000)                            theirs 9.465955  ours 9.465955071 (|diff| 7.10e-08, unit 1e-06)
MATCH    referee its lower bound Lambda - 1 - ...(0, 1000000)       theirs 9.139749  ours 9.139748517 (|diff| 4.83e-07, unit 1e-06)
MATCH    referee (1+X)/w_k(0, 1000000)                              theirs 0.647168  ours 0.6471684919 (|diff| 4.92e-07, unit 1e-06)
MATCH    referee 1/2 - (J-2)/(pi^2 e^2)(0, 1000000)                 theirs 0.493591  ours 0.4935908414 (|diff| 1.59e-07, unit 1e-06)
MATCH    referee vT(1, 657)                                         theirs 1.954619  ours 1.954619467 (|diff| 4.67e-07, unit 1e-06)
MATCH    referee Phi_1(1, 657)                                      theirs 0.965367  ours 0.9653672219 (|diff| 2.22e-07, unit 1e-06)
MATCH    referee sum eps^2/w(1, 657)                                theirs 1.849902  ours 1.849901876 (|diff| 1.24e-07, unit 1e-06)
MATCH    referee its lower bound Lambda - 1 - ...(1, 657)           theirs 0.994540  ours 0.9945402448 (|diff| 2.45e-07, unit 1e-06)
MATCH    referee (1+X)/w_k(1, 657)                                  theirs 0.627481  ours 0.6274814554 (|diff| 4.55e-07, unit 1e-06)
MATCH    referee 1/2 - (J-2)/(pi^2 e^2)(1, 657)                     theirs 0.493591  ours 0.4935908414 (|diff| 1.59e-07, unit 1e-06)
MATCH    referee vT(1, 177857)                                      theirs 7.077583  ours 7.077583297 (|diff| 2.97e-07, unit 1e-06)
MATCH    referee Phi_1(1, 177857)                                   theirs 6.572838  ours 6.572838157 (|diff| 1.57e-07, unit 1e-06)
MATCH    referee sum eps^2/w(1, 177857)                             theirs 6.953252  ours 6.953251526 (|diff| 4.74e-07, unit 1e-06)
MATCH    referee its lower bound Lambda - 1 - ...(1, 177857)        theirs 6.602011  ours 6.602011180 (|diff| 1.80e-07, unit 1e-06)
MATCH    referee (1+X)/w_k(1, 177857)                               theirs 0.647096  ours 0.6470956347 (|diff| 3.65e-07, unit 1e-06)
MATCH    referee 1/2 - (J-2)/(pi^2 e^2)(1, 177857)                  theirs 0.493591  ours 0.4935908414 (|diff| 1.59e-07, unit 1e-06)
MATCH    referee vT(1, 1000000)                                     theirs 8.784229  ours 8.784228547 (|diff| 4.53e-07, unit 1e-06)
MATCH    referee Phi_1(1, 1000000)                                  theirs 8.299645  ours 8.299645278 (|diff| 2.78e-07, unit 1e-06)
MATCH    referee sum eps^2/w(1, 1000000)                            theirs 8.659832  ours 8.659831644 (|diff| 3.56e-07, unit 1e-06)
MATCH    referee its lower bound Lambda - 1 - ...(1, 1000000)       theirs 8.328818  ours 8.328818301 (|diff| 3.01e-07, unit 1e-06)
MATCH    referee (1+X)/w_k(1, 1000000)                              theirs 0.647161  ours 0.6471607674 (|diff| 2.33e-07, unit 1e-06)
MATCH    referee 1/2 - (J-2)/(pi^2 e^2)(1, 1000000)                 theirs 0.493591  ours 0.4935908414 (|diff| 1.59e-07, unit 1e-06)
MATCH    referee vT(2, 1167)                                        theirs 1.952003  ours 1.952003446 (|diff| 4.46e-07, unit 1e-06)
MATCH    referee Phi_1(2, 1167)                                     theirs 0.967087  ours 0.9670874284 (|diff| 4.28e-07, unit 1e-06)
MATCH    referee sum eps^2/w(2, 1167)                               theirs 1.847200  ours 1.847200046 (|diff| 4.61e-08, unit 1e-06)
MATCH    referee its lower bound Lambda - 1 - ...(2, 1167)          theirs 0.996260  ours 0.9962604513 (|diff| 4.51e-07, unit 1e-06)
MATCH    referee (1+X)/w_k(2, 1167)                                 theirs 0.627567  ours 0.6275672644 (|diff| 2.64e-07, unit 1e-06)
MATCH    referee 1/2 - (J-2)/(pi^2 e^2)(2, 1167)                    theirs 0.493591  ours 0.4935908414 (|diff| 1.59e-07, unit 1e-06)
MATCH    referee vT(2, 177857)                                      theirs 6.513486  ours 6.513486018 (|diff| 1.83e-08, unit 1e-06)
MATCH    referee Phi_1(2, 177857)                                   theirs 5.997474  ours 5.997474012 (|diff| 1.19e-08, unit 1e-06)
MATCH    referee sum eps^2/w(2, 177857)                             theirs 6.389215  ours 6.389215001 (|diff| 1.33e-09, unit 1e-06)
MATCH    referee its lower bound Lambda - 1 - ...(2, 177857)        theirs 6.026647  ours 6.026647035 (|diff| 3.48e-08, unit 1e-06)
MATCH    referee (1+X)/w_k(2, 177857)                               theirs 0.647035  ours 0.6470348812 (|diff| 1.19e-07, unit 1e-06)
MATCH    referee 1/2 - (J-2)/(pi^2 e^2)(2, 177857)                  theirs 0.493591  ours 0.4935908414 (|diff| 1.59e-07, unit 1e-06)
MATCH    referee vT(2, 1000000)                                     theirs 8.213688  ours 8.213687917 (|diff| 8.34e-08, unit 1e-06)
MATCH    referee Phi_1(2, 1000000)                                  theirs 7.724281  ours 7.724281133 (|diff| 1.33e-07, unit 1e-06)
MATCH    referee sum eps^2/w(2, 1000000)                            theirs 8.089302  ours 8.089301827 (|diff| 1.73e-07, unit 1e-06)
MATCH    referee its lower bound Lambda - 1 - ...(2, 1000000)       theirs 7.753454  ours 7.753454156 (|diff| 1.56e-07, unit 1e-06)
MATCH    referee (1+X)/w_k(2, 1000000)                              theirs 0.647150  ours 0.6471499538 (|diff| 4.62e-08, unit 1e-06)
MATCH    referee 1/2 - (J-2)/(pi^2 e^2)(2, 1000000)                 theirs 0.493591  ours 0.4935908414 (|diff| 1.59e-07, unit 1e-06)
MATCH    referee vT(3.80, 2454)                                     theirs 1.950804  ours 1.950803847 (|diff| 1.53e-07, unit 1e-06)
MATCH    referee Phi_1(3.80, 2454)                                  theirs 0.969128  ours 0.9691281402 (|diff| 1.40e-07, unit 1e-06)
MATCH    referee sum eps^2/w(3.80, 2454)                            theirs 1.845929  ours 1.845929356 (|diff| 3.56e-07, unit 1e-06)
MATCH    referee its lower bound Lambda - 1 - ...(3.80, 2454)       theirs 0.998301  ours 0.9983011630 (|diff| 1.63e-07, unit 1e-06)
MATCH    referee (1+X)/w_k(3.80, 2454)                              theirs 0.627638  ours 0.6276383552 (|diff| 3.55e-07, unit 1e-06)
MATCH    referee 1/2 - (J-2)/(pi^2 e^2)(3.80, 2454)                 theirs 0.493591  ours 0.4935908414 (|diff| 1.59e-07, unit 1e-06)
MATCH    referee vT(3.80, 177857)                                   theirs 5.790538  ours 5.790537923 (|diff| 7.72e-08, unit 1e-06)
MATCH    referee Phi_1(3.80, 177857)                                theirs 5.254347  ours 5.254346899 (|diff| 1.01e-07, unit 1e-06)
MATCH    referee sum eps^2/w(3.80, 177857)                          theirs 5.666420  ours 5.666419870 (|diff| 1.30e-07, unit 1e-06)
MATCH    referee its lower bound Lambda - 1 - ...(3.80, 177857)     theirs 5.283520  ours 5.283519922 (|diff| 7.81e-08, unit 1e-06)
MATCH    referee (1+X)/w_k(3.80, 177857)                            theirs 0.646882  ours 0.6468819175 (|diff| 8.25e-08, unit 1e-06)
MATCH    referee 1/2 - (J-2)/(pi^2 e^2)(3.80, 177857)               theirs 0.493591  ours 0.4935908414 (|diff| 1.59e-07, unit 1e-06)
MATCH    referee vT(3.80, 1000000)                                  theirs 7.479239  ours 7.479238910 (|diff| 8.97e-08, unit 1e-06)
MATCH    referee Phi_1(3.80, 1000000)                               theirs 6.981154  ours 6.981154021 (|diff| 2.06e-08, unit 1e-06)
MATCH    referee sum eps^2/w(3.80, 1000000)                         theirs 7.354880  ours 7.354880066 (|diff| 6.65e-08, unit 1e-06)
MATCH    referee its lower bound Lambda - 1 - ...(3.80, 1000000)    theirs 7.010327  ours 7.010327043 (|diff| 4.34e-08, unit 1e-06)
MATCH    referee (1+X)/w_k(3.80, 1000000)                           theirs 0.647123  ours 0.6471227080 (|diff| 2.92e-07, unit 1e-06)
MATCH    referee 1/2 - (J-2)/(pi^2 e^2)(3.80, 1000000)              theirs 0.493591  ours 0.4935908414 (|diff| 1.59e-07, unit 1e-06)
MATCH    referee vT(3.85, 2496)                                     theirs 1.950632  ours 1.950631796 (|diff| 2.04e-07, unit 1e-06)
MATCH    referee Phi_1(3.85, 2496)                                  theirs 0.968961  ours 0.9689609753 (|diff| 2.47e-08, unit 1e-06)
MATCH    referee sum eps^2/w(3.85, 2496)                            theirs 1.845760  ours 1.845759795 (|diff| 2.05e-07, unit 1e-06)
MATCH    referee its lower bound Lambda - 1 - ...(3.85, 2496)       theirs 0.998134  ours 0.9981339981 (|diff| 1.86e-09, unit 1e-06)
MATCH    referee (1+X)/w_k(3.85, 2496)                              theirs 0.627636  ours 0.6276358652 (|diff| 1.35e-07, unit 1e-06)
MATCH    referee 1/2 - (J-2)/(pi^2 e^2)(3.85, 2496)                 theirs 0.493591  ours 0.4935908414 (|diff| 1.59e-07, unit 1e-06)
MATCH    referee vT(3.85, 177857)                                   theirs 5.773929  ours 5.773928514 (|diff| 4.86e-07, unit 1e-06)
MATCH    referee Phi_1(3.85, 177857)                                theirs 5.237179  ours 5.237179412 (|diff| 4.12e-07, unit 1e-06)
MATCH    referee sum eps^2/w(3.85, 177857)                          theirs 5.649816  ours 5.649815508 (|diff| 4.92e-07, unit 1e-06)
MATCH    referee its lower bound Lambda - 1 - ...(3.85, 177857)     theirs 5.266352  ours 5.266352435 (|diff| 4.35e-07, unit 1e-06)
MATCH    referee (1+X)/w_k(3.85, 177857)                            theirs 0.646877  ours 0.6468768697 (|diff| 1.30e-07, unit 1e-06)
MATCH    referee 1/2 - (J-2)/(pi^2 e^2)(3.85, 177857)               theirs 0.493591  ours 0.4935908414 (|diff| 1.59e-07, unit 1e-06)
MATCH    referee vT(3.85, 1000000)                                  theirs 7.462312  ours 7.462312112 (|diff| 1.12e-07, unit 1e-06)
MATCH    referee Phi_1(3.85, 1000000)                               theirs 6.963987  ours 6.963986533 (|diff| 4.67e-07, unit 1e-06)
MATCH    referee sum eps^2/w(3.85, 1000000)                         theirs 7.337954  ours 7.337954168 (|diff| 1.68e-07, unit 1e-06)
MATCH    referee its lower bound Lambda - 1 - ...(3.85, 1000000)    theirs 6.993160  ours 6.993159556 (|diff| 4.44e-07, unit 1e-06)
MATCH    referee (1+X)/w_k(3.85, 1000000)                           theirs 0.647122  ours 0.6471218085 (|diff| 1.92e-07, unit 1e-06)
MATCH    referee 1/2 - (J-2)/(pi^2 e^2)(3.85, 1000000)              theirs 0.493591  ours 0.4935908414 (|diff| 1.59e-07, unit 1e-06)
MATCH    referee vT(3.90, 2539)                                     theirs 1.950658  ours 1.950657655 (|diff| 3.45e-07, unit 1e-06)
MATCH    referee Phi_1(3.90, 2539)                                  theirs 0.969050  ours 0.9690504080 (|diff| 4.08e-07, unit 1e-06)
MATCH    referee sum eps^2/w(3.90, 2539)                            theirs 1.845784  ours 1.845783558 (|diff| 4.42e-07, unit 1e-06)
MATCH    referee its lower bound Lambda - 1 - ...(3.90, 2539)       theirs 0.998223  ours 0.9982234308 (|diff| 4.31e-07, unit 1e-06)
MATCH    referee (1+X)/w_k(3.90, 2539)                              theirs 0.627638  ours 0.6276379608 (|diff| 3.92e-08, unit 1e-06)
MATCH    referee 1/2 - (J-2)/(pi^2 e^2)(3.90, 2539)                 theirs 0.493591  ours 0.4935908414 (|diff| 1.59e-07, unit 1e-06)
MATCH    referee vT(3.90, 177857)                                   theirs 5.757465  ours 5.757465072 (|diff| 7.15e-08, unit 1e-06)
MATCH    referee Phi_1(3.90, 177857)                                theirs 5.220158  ours 5.220158032 (|diff| 3.23e-08, unit 1e-06)
MATCH    referee sum eps^2/w(3.90, 177857)                          theirs 5.633357  ours 5.633357157 (|diff| 1.57e-07, unit 1e-06)
MATCH    referee its lower bound Lambda - 1 - ...(3.90, 177857)     theirs 5.249331  ours 5.249331055 (|diff| 5.52e-08, unit 1e-06)
MATCH    referee (1+X)/w_k(3.90, 177857)                            theirs 0.646872  ours 0.6468717788 (|diff| 2.21e-07, unit 1e-06)
MATCH    referee 1/2 - (J-2)/(pi^2 e^2)(3.90, 177857)               theirs 0.493591  ours 0.4935908414 (|diff| 1.59e-07, unit 1e-06)
MATCH    referee vT(3.90, 1000000)                                  theirs 7.445531  ours 7.445531397 (|diff| 3.97e-07, unit 1e-06)
MATCH    referee Phi_1(3.90, 1000000)                               theirs 6.946965  ours 6.946965154 (|diff| 1.54e-07, unit 1e-06)
MATCH    referee sum eps^2/w(3.90, 1000000)                         theirs 7.321174  ours 7.321174360 (|diff| 3.60e-07, unit 1e-06)
MATCH    referee its lower bound Lambda - 1 - ...(3.90, 1000000)    theirs 6.976138  ours 6.976138177 (|diff| 1.77e-07, unit 1e-06)
MATCH    referee (1+X)/w_k(3.90, 1000000)                           theirs 0.647121  ours 0.6471209011 (|diff| 9.89e-08, unit 1e-06)
MATCH    referee 1/2 - (J-2)/(pi^2 e^2)(3.90, 1000000)              theirs 0.493591  ours 0.4935908414 (|diff| 1.59e-07, unit 1e-06)
MATCH    referee vT(4.50, 3082)                                     theirs 1.950538  ours 1.950537697 (|diff| 3.03e-07, unit 1e-06)
MATCH    referee Phi_1(4.50, 3082)                                  theirs 0.969469  ours 0.9694691365 (|diff| 1.37e-07, unit 1e-06)
MATCH    referee sum eps^2/w(4.50, 3082)                            theirs 1.845651  ours 1.845651108 (|diff| 1.08e-07, unit 1e-06)
MATCH    referee its lower bound Lambda - 1 - ...(4.50, 3082)       theirs 0.998642  ours 0.9986421594 (|diff| 1.59e-07, unit 1e-06)
MATCH    referee (1+X)/w_k(4.50, 3082)                              theirs 0.627650  ours 0.6276504538 (|diff| 4.54e-07, unit 1e-06)
MATCH    referee 1/2 - (J-2)/(pi^2 e^2)(4.50, 3082)                 theirs 0.493591  ours 0.4935908414 (|diff| 1.59e-07, unit 1e-06)
MATCH    referee vT(4.50, 177857)                                   theirs 5.570450  ours 5.570449556 (|diff| 4.44e-07, unit 1e-06)
MATCH    referee Phi_1(4.50, 177857)                                theirs 5.026458  ours 5.026458380 (|diff| 3.80e-07, unit 1e-06)
MATCH    referee sum eps^2/w(4.50, 177857)                          theirs 5.446406  ours 5.446406093 (|diff| 9.30e-08, unit 1e-06)
MATCH    referee its lower bound Lambda - 1 - ...(4.50, 177857)     theirs 5.055631  ours 5.055631403 (|diff| 4.03e-07, unit 1e-06)
MATCH    referee (1+X)/w_k(4.50, 177857)                            theirs 0.646807  ours 0.6468073270 (|diff| 3.27e-07, unit 1e-06)
MATCH    referee 1/2 - (J-2)/(pi^2 e^2)(4.50, 177857)               theirs 0.493591  ours 0.4935908414 (|diff| 1.59e-07, unit 1e-06)
MATCH    referee vT(4.50, 1000000)                                  theirs 7.254718  ours 7.254717689 (|diff| 3.11e-07, unit 1e-06)
MATCH    referee Phi_1(4.50, 1000000)                               theirs 6.753266  ours 6.753265502 (|diff| 4.98e-07, unit 1e-06)
MATCH    referee sum eps^2/w(4.50, 1000000)                         theirs 7.130372  ours 7.130372142 (|diff| 1.42e-07, unit 1e-06)
MATCH    referee its lower bound Lambda - 1 - ...(4.50, 1000000)    theirs 6.782439  ours 6.782438525 (|diff| 4.75e-07, unit 1e-06)
MATCH    referee (1+X)/w_k(4.50, 1000000)                           theirs 0.647109  ours 0.6471094117 (|diff| 4.12e-07, unit 1e-06)
MATCH    referee 1/2 - (J-2)/(pi^2 e^2)(4.50, 1000000)              theirs 0.493591  ours 0.4935908414 (|diff| 1.59e-07, unit 1e-06)
MATCH    referee vT(5, 3574)                                        theirs 1.950323  ours 1.950322528 (|diff| 4.72e-07, unit 1e-06)
MATCH    referee Phi_1(5, 3574)                                     theirs 0.969563  ours 0.9695632269 (|diff| 2.27e-07, unit 1e-06)
MATCH    referee sum eps^2/w(5, 3574)                               theirs 1.845431  ours 1.845431105 (|diff| 1.05e-07, unit 1e-06)
MATCH    referee its lower bound Lambda - 1 - ...(5, 3574)          theirs 0.998736  ours 0.9987362498 (|diff| 2.50e-07, unit 1e-06)
MATCH    referee (1+X)/w_k(5, 3574)                                 theirs 0.627655  ours 0.6276552866 (|diff| 2.87e-07, unit 1e-06)
MATCH    referee 1/2 - (J-2)/(pi^2 e^2)(5, 3574)                    theirs 0.493591  ours 0.4935908414 (|diff| 1.59e-07, unit 1e-06)
MATCH    referee vT(5, 177857)                                      theirs 5.427788  ours 5.427787889 (|diff| 1.11e-07, unit 1e-06)
MATCH    referee Phi_1(5, 177857)                                   theirs 4.878242  ours 4.878242436 (|diff| 4.36e-07, unit 1e-06)
MATCH    referee sum eps^2/w(5, 177857)                             theirs 5.303803  ours 5.303802871 (|diff| 1.29e-07, unit 1e-06)
MATCH    referee its lower bound Lambda - 1 - ...(5, 177857)        theirs 4.907415  ours 4.907415459 (|diff| 4.59e-07, unit 1e-06)
MATCH    referee (1+X)/w_k(5, 177857)                               theirs 0.646749  ours 0.6467488823 (|diff| 1.18e-07, unit 1e-06)
MATCH    referee 1/2 - (J-2)/(pi^2 e^2)(5, 177857)                  theirs 0.493591  ours 0.4935908414 (|diff| 1.59e-07, unit 1e-06)
MATCH    referee vT(5, 1000000)                                     theirs 7.108904  ours 7.108903697 (|diff| 3.03e-07, unit 1e-06)
MATCH    referee Phi_1(5, 1000000)                                  theirs 6.605050  ours 6.605049558 (|diff| 4.42e-07, unit 1e-06)
MATCH    referee sum eps^2/w(5, 1000000)                            theirs 6.984569  ours 6.984568573 (|diff| 4.27e-07, unit 1e-06)
MATCH    referee its lower bound Lambda - 1 - ...(5, 1000000)       theirs 6.634223  ours 6.634222580 (|diff| 4.20e-07, unit 1e-06)
MATCH    referee (1+X)/w_k(5, 1000000)                              theirs 0.647099  ours 0.6470989888 (|diff| 1.12e-08, unit 1e-06)
MATCH    referee 1/2 - (J-2)/(pi^2 e^2)(5, 1000000)                 theirs 0.493591  ours 0.4935908414 (|diff| 1.59e-07, unit 1e-06)
MATCH    referee vT(6, 4668)                                        theirs 1.950117  ours 1.950116643 (|diff| 3.57e-07, unit 1e-06)
MATCH    referee Phi_1(6, 4668)                                     theirs 0.969851  ours 0.9698509546 (|diff| 4.54e-08, unit 1e-06)
MATCH    referee sum eps^2/w(6, 4668)                               theirs 1.845216  ours 1.845215568 (|diff| 4.32e-07, unit 1e-06)
MATCH    referee its lower bound Lambda - 1 - ...(6, 4668)          theirs 0.999024  ours 0.9990239775 (|diff| 2.25e-08, unit 1e-06)
MATCH    referee (1+X)/w_k(6, 4668)                                 theirs 0.627665  ours 0.6276649395 (|diff| 6.05e-08, unit 1e-06)
MATCH    referee 1/2 - (J-2)/(pi^2 e^2)(6, 4668)                    theirs 0.493591  ours 0.4935908414 (|diff| 1.59e-07, unit 1e-06)
MATCH    referee vT(6, 177857)                                      theirs 5.171790  ours 5.171790147 (|diff| 1.47e-07, unit 1e-06)
MATCH    referee Phi_1(6, 177857)                                   theirs 4.611180  ours 4.611179651 (|diff| 3.49e-07, unit 1e-06)
MATCH    referee sum eps^2/w(6, 177857)                             theirs 5.047935  ours 5.047934905 (|diff| 9.50e-08, unit 1e-06)
MATCH    referee its lower bound Lambda - 1 - ...(6, 177857)        theirs 4.640353  ours 4.640352674 (|diff| 3.26e-07, unit 1e-06)
MATCH    referee (1+X)/w_k(6, 177857)                               theirs 0.646619  ours 0.6466191063 (|diff| 1.06e-07, unit 1e-06)
MATCH    referee 1/2 - (J-2)/(pi^2 e^2)(6, 177857)                  theirs 0.493591  ours 0.4935908414 (|diff| 1.59e-07, unit 1e-06)
MATCH    referee vT(6, 1000000)                                     theirs 6.846636  ours 6.846636151 (|diff| 1.51e-07, unit 1e-06)
MATCH    referee Phi_1(6, 1000000)                                  theirs 6.337987  ours 6.337986772 (|diff| 2.28e-07, unit 1e-06)
MATCH    referee sum eps^2/w(6, 1000000)                            theirs 6.722324  ours 6.722324185 (|diff| 1.85e-07, unit 1e-06)
MATCH    referee its lower bound Lambda - 1 - ...(6, 1000000)       theirs 6.367160  ours 6.367159795 (|diff| 2.05e-07, unit 1e-06)
MATCH    referee (1+X)/w_k(6, 1000000)                              theirs 0.647076  ours 0.6470758300 (|diff| 1.70e-07, unit 1e-06)
MATCH    referee 1/2 - (J-2)/(pi^2 e^2)(6, 1000000)                 theirs 0.493591  ours 0.4935908414 (|diff| 1.59e-07, unit 1e-06)
MATCH    referee vT(8, 7293)                                        theirs 1.949811  ours 1.949811302 (|diff| 3.02e-07, unit 1e-06)
MATCH    referee Phi_1(8, 7293)                                     theirs 0.970120  ours 0.9701203559 (|diff| 3.56e-07, unit 1e-06)
MATCH    referee sum eps^2/w(8, 7293)                               theirs 1.844900  ours 1.844900349 (|diff| 3.49e-07, unit 1e-06)
MATCH    referee its lower bound Lambda - 1 - ...(8, 7293)          theirs 0.999293  ours 0.9992933788 (|diff| 3.79e-07, unit 1e-06)
MATCH    referee (1+X)/w_k(8, 7293)                                 theirs 0.627675  ours 0.6276748168 (|diff| 1.83e-07, unit 1e-06)
MATCH    referee 1/2 - (J-2)/(pi^2 e^2)(8, 7293)                    theirs 0.493591  ours 0.4935908414 (|diff| 1.59e-07, unit 1e-06)
MATCH    referee vT(8, 177857)                                      theirs 4.747460  ours 4.747460478 (|diff| 4.78e-07, unit 1e-06)
MATCH    referee Phi_1(8, 177857)                                   theirs 4.164893  ours 4.164892548 (|diff| 4.52e-07, unit 1e-06)
MATCH    referee sum eps^2/w(8, 177857)                             theirs 4.623916  ours 4.623916130 (|diff| 1.30e-07, unit 1e-06)
MATCH    referee its lower bound Lambda - 1 - ...(8, 177857)        theirs 4.194066  ours 4.194065571 (|diff| 4.29e-07, unit 1e-06)
MATCH    referee (1+X)/w_k(8, 177857)                               theirs 0.646308  ours 0.6463082125 (|diff| 2.13e-07, unit 1e-06)
MATCH    referee 1/2 - (J-2)/(pi^2 e^2)(8, 177857)                  theirs 0.493591  ours 0.4935908414 (|diff| 1.59e-07, unit 1e-06)
MATCH    referee vT(8, 1000000)                                     theirs 6.409903  ours 6.409903446 (|diff| 4.46e-07, unit 1e-06)
MATCH    referee Phi_1(8, 1000000)                                  theirs 5.891700  ours 5.891699670 (|diff| 3.30e-07, unit 1e-06)
MATCH    referee sum eps^2/w(8, 1000000)                            theirs 6.285647  ours 6.285647043 (|diff| 4.33e-08, unit 1e-06)
MATCH    referee its lower bound Lambda - 1 - ...(8, 1000000)       theirs 5.920873  ours 5.920872693 (|diff| 3.07e-07, unit 1e-06)
MATCH    referee (1+X)/w_k(8, 1000000)                              theirs 0.647020  ours 0.6470202669 (|diff| 2.67e-07, unit 1e-06)
MATCH    referee 1/2 - (J-2)/(pi^2 e^2)(8, 1000000)                 theirs 0.493591  ours 0.4935908414 (|diff| 1.59e-07, unit 1e-06)
MATCH    referee vT(10, 10502)                                      theirs 1.949694  ours 1.949694244 (|diff| 2.44e-07, unit 1e-06)
MATCH    referee Phi_1(10, 10502)                                   theirs 0.970339  ours 0.9703388441 (|diff| 1.56e-07, unit 1e-06)
MATCH    referee sum eps^2/w(10, 10502)                             theirs 1.844777  ours 1.844776788 (|diff| 2.12e-07, unit 1e-06)
MATCH    referee its lower bound Lambda - 1 - ...(10, 10502)        theirs 0.999512  ours 0.9995118669 (|diff| 1.33e-07, unit 1e-06)
MATCH    referee (1+X)/w_k(10, 10502)                               theirs 0.627681  ours 0.6276813206 (|diff| 3.21e-07, unit 1e-06)
MATCH    referee 1/2 - (J-2)/(pi^2 e^2)(10, 10502)                  theirs 0.493591  ours 0.4935908414 (|diff| 1.59e-07, unit 1e-06)
MATCH    referee vT(10, 177857)                                     theirs 4.404551  ours 4.404550908 (|diff| 9.25e-08, unit 1e-06)
MATCH    referee Phi_1(10, 177857)                                  theirs 3.800249  ours 3.800249435 (|diff| 4.35e-07, unit 1e-06)
MATCH    referee sum eps^2/w(10, 177857)                            theirs 4.281385  ours 4.281385454 (|diff| 4.54e-07, unit 1e-06)
MATCH    referee its lower bound Lambda - 1 - ...(10, 177857)       theirs 3.829422  ours 3.829422457 (|diff| 4.57e-07, unit 1e-06)
MATCH    referee (1+X)/w_k(10, 177857)                              theirs 0.645929  ours 0.6459293173 (|diff| 3.17e-07, unit 1e-06)
MATCH    referee 1/2 - (J-2)/(pi^2 e^2)(10, 177857)                 theirs 0.493591  ours 0.4935908414 (|diff| 1.59e-07, unit 1e-06)
MATCH    referee vT(10, 1000000)                                    theirs 6.054766  ours 6.054766035 (|diff| 3.46e-08, unit 1e-06)
MATCH    referee Phi_1(10, 1000000)                                 theirs 5.527057  ours 5.527056556 (|diff| 4.44e-07, unit 1e-06)
MATCH    referee sum eps^2/w(10, 1000000)                           theirs 5.930578  ours 5.930577508 (|diff| 4.92e-07, unit 1e-06)
MATCH    referee its lower bound Lambda - 1 - ...(10, 1000000)      theirs 5.556230  ours 5.556229579 (|diff| 4.21e-07, unit 1e-06)
MATCH    referee (1+X)/w_k(10, 1000000)                             theirs 0.646952  ours 0.6469523912 (|diff| 3.91e-07, unit 1e-06)
MATCH    referee 1/2 - (J-2)/(pi^2 e^2)(10, 1000000)                theirs 0.493591  ours 0.4935908414 (|diff| 1.59e-07, unit 1e-06)
MATCH    referee vT(15, 21076)                                      theirs 1.949520  ours 1.949520150 (|diff| 1.50e-07, unit 1e-06)
MATCH    referee Phi_1(15, 21076)                                   theirs 0.970547  ours 0.9705471111 (|diff| 1.11e-07, unit 1e-06)
MATCH    referee sum eps^2/w(15, 21076)                             theirs 1.844596  ours 1.844596224 (|diff| 2.24e-07, unit 1e-06)
MATCH    referee its lower bound Lambda - 1 - ...(15, 21076)        theirs 0.999720  ours 0.9997201340 (|diff| 1.34e-07, unit 1e-06)
MATCH    referee (1+X)/w_k(15, 21076)                               theirs 0.627688  ours 0.6276877901 (|diff| 2.10e-07, unit 1e-06)
MATCH    referee 1/2 - (J-2)/(pi^2 e^2)(15, 21076)                  theirs 0.493591  ours 0.4935908414 (|diff| 1.59e-07, unit 1e-06)
MATCH    referee vT(15, 177857)                                     theirs 3.761352  ours 3.761352347 (|diff| 3.47e-07, unit 1e-06)
MATCH    referee Phi_1(15, 177857)                                  theirs 3.103636  ours 3.103636046 (|diff| 4.61e-08, unit 1e-06)
MATCH    referee sum eps^2/w(15, 177857)                            theirs 3.639427  ours 3.639427138 (|diff| 1.38e-07, unit 1e-06)
MATCH    referee its lower bound Lambda - 1 - ...(15, 177857)       theirs 3.132809  ours 3.132809069 (|diff| 6.89e-08, unit 1e-06)
MATCH    referee (1+X)/w_k(15, 177857)                              theirs 0.644689  ours 0.6446890732 (|diff| 7.32e-08, unit 1e-06)
MATCH    referee 1/2 - (J-2)/(pi^2 e^2)(15, 177857)                 theirs 0.493591  ours 0.4935908414 (|diff| 1.59e-07, unit 1e-06)
MATCH    referee vT(15, 1000000)                                    theirs 5.381709  ours 5.381709080 (|diff| 8.05e-08, unit 1e-06)
MATCH    referee Phi_1(15, 1000000)                                 theirs 4.830443  ours 4.830443168 (|diff| 1.68e-07, unit 1e-06)
MATCH    referee sum eps^2/w(15, 1000000)                           theirs 5.257744  ours 5.257743965 (|diff| 3.45e-08, unit 1e-06)
MATCH    referee its lower bound Lambda - 1 - ...(15, 1000000)      theirs 4.859616  ours 4.859616190 (|diff| 1.90e-07, unit 1e-06)
MATCH    referee (1+X)/w_k(15, 1000000)                             theirs 0.646729  ours 0.6467289792 (|diff| 2.08e-08, unit 1e-06)
MATCH    referee 1/2 - (J-2)/(pi^2 e^2)(15, 1000000)                theirs 0.493591  ours 0.4935908414 (|diff| 1.59e-07, unit 1e-06)
MATCH    referee vT(20, 35297)                                      theirs 1.949468  ours 1.949467770 (|diff| 2.30e-07, unit 1e-06)
MATCH    referee Phi_1(20, 35297)                                   theirs 0.970659  ours 0.9706588863 (|diff| 1.14e-07, unit 1e-06)
MATCH    referee sum eps^2/w(20, 35297)                             theirs 1.844541  ours 1.844540853 (|diff| 1.47e-07, unit 1e-06)
MATCH    referee its lower bound Lambda - 1 - ...(20, 35297)        theirs 0.999832  ours 0.9998319091 (|diff| 9.09e-08, unit 1e-06)
MATCH    referee (1+X)/w_k(20, 35297)                               theirs 0.627691  ours 0.6276907813 (|diff| 2.19e-07, unit 1e-06)
MATCH    referee 1/2 - (J-2)/(pi^2 e^2)(20, 35297)                  theirs 0.493591  ours 0.4935908414 (|diff| 1.59e-07, unit 1e-06)
MATCH    referee vT(20, 177857)                                     theirs 3.297903  ours 3.297902865 (|diff| 1.35e-07, unit 1e-06)
MATCH    referee Phi_1(20, 177857)                                  theirs 2.587978  ours 2.587977827 (|diff| 1.73e-07, unit 1e-06)
MATCH    referee sum eps^2/w(20, 177857)                            theirs 3.177626  ours 3.177625553 (|diff| 4.47e-07, unit 1e-06)
MATCH    referee its lower bound Lambda - 1 - ...(20, 177857)       theirs 2.617151  ours 2.617150850 (|diff| 1.50e-07, unit 1e-06)
MATCH    referee (1+X)/w_k(20, 177857)                              theirs 0.643041  ours 0.6430411766 (|diff| 1.77e-07, unit 1e-06)
MATCH    referee 1/2 - (J-2)/(pi^2 e^2)(20, 177857)                 theirs 0.493591  ours 0.4935908414 (|diff| 1.59e-07, unit 1e-06)
MATCH    referee vT(20, 1000000)                                    theirs 4.889326  ours 4.889325579 (|diff| 4.21e-07, unit 1e-06)
MATCH    referee Phi_1(20, 1000000)                                 theirs 4.314785  ours 4.314784949 (|diff| 5.10e-08, unit 1e-06)
MATCH    referee sum eps^2/w(20, 1000000)                           theirs 4.765660  ours 4.765660264 (|diff| 2.64e-07, unit 1e-06)
MATCH    referee its lower bound Lambda - 1 - ...(20, 1000000)      theirs 4.343958  ours 4.343957972 (|diff| 2.82e-08, unit 1e-06)
MATCH    referee (1+X)/w_k(20, 1000000)                             theirs 0.646429  ours 0.6464291791 (|diff| 1.79e-07, unit 1e-06)
MATCH    referee 1/2 - (J-2)/(pi^2 e^2)(20, 1000000)                theirs 0.493591  ours 0.4935908414 (|diff| 1.59e-07, unit 1e-06)
(time 72.1 s)
MATCH    referee Bayes bracket(0, 6)                                theirs 0.340547  ours 0.3405466936 (|diff| 3.06e-07, unit 1e-06)
MATCH    referee vT(0, 6) (Bayes table)                             theirs 0.091854  ours 0.09185352070 (|diff| 4.79e-07, unit 1e-06)
MATCH    referee Bayes first sum(0, 6)                              theirs 0.209664  ours 0.2096642922 (|diff| 2.92e-07, unit 1e-06)
MATCH    referee vT first sum(0, 6)                                 theirs 0.162151  ours 0.1621512195 (|diff| 2.19e-07, unit 1e-06)
MATCH    referee Bayes comparator(0, 6)                             theirs 0.653646  ours 0.6536462655 (|diff| 2.66e-07, unit 1e-06)
MATCH    referee vT comparator (1+X)/w_k(0, 6)                      theirs 0.452466  ours 0.4524661654 (|diff| 1.65e-07, unit 1e-06)
MATCH    referee Bayes bracket(0, 10)                               theirs 0.487216  ours 0.4872163037 (|diff| 3.04e-07, unit 1e-06)
MATCH    referee vT(0, 10) (Bayes table)                            theirs 0.191630  ours 0.1916299845 (|diff| 1.55e-08, unit 1e-06)
MATCH    referee Bayes first sum(0, 10)                             theirs 0.311422  ours 0.3114223305 (|diff| 3.31e-07, unit 1e-06)
MATCH    referee vT first sum(0, 10)                                theirs 0.240544  ours 0.2405444548 (|diff| 4.55e-07, unit 1e-06)
MATCH    referee Bayes comparator(0, 10)                            theirs 0.698558  ours 0.6985578373 (|diff| 1.63e-07, unit 1e-06)
MATCH    referee vT comparator (1+X)/w_k(0, 10)                     theirs 0.473849  ours 0.4738493939 (|diff| 3.94e-07, unit 1e-06)
MATCH    referee Bayes bracket(3.90, 8)                             theirs 0.052510  ours 0.05250973781 (|diff| 2.62e-07, unit 1e-06)
MATCH    referee vT(3.90, 8) (Bayes table)                          theirs -0.082865  ours -0.082864657982 (|diff| 3.42e-07, unit 1e-06)
MATCH    referee Bayes first sum(3.90, 8)                           theirs 0.033254  ours 0.03325380553 (|diff| 1.94e-07, unit 1e-06)
MATCH    referee vT first sum(3.90, 8)                              theirs 0.025803  ours 0.02580332848 (|diff| 3.28e-07, unit 1e-06)
MATCH    referee Bayes comparator(3.90, 8)                          theirs 0.542020  ours 0.5420197965 (|diff| 2.04e-07, unit 1e-06)
MATCH    referee vT comparator (1+X)/w_k(3.90, 8)                   theirs 0.414096  ours 0.4140958777 (|diff| 1.22e-07, unit 1e-06)
MATCH    referee Bayes bracket(3.90, 12)                            theirs 0.074986  ours 0.07498609315 (|diff| 9.31e-08, unit 1e-06)
MATCH    referee vT(3.90, 12) (Bayes table)                         theirs -0.067710  ours -0.067710391230 (|diff| 3.91e-07, unit 1e-06)
MATCH    referee Bayes first sum(3.90, 12)                          theirs 0.047635  ours 0.04763475420 (|diff| 2.46e-07, unit 1e-06)
MATCH    referee vT first sum(3.90, 12)                             theirs 0.036978  ours 0.03697789880 (|diff| 1.01e-07, unit 1e-06)
MATCH    referee Bayes comparator(3.90, 12)                         theirs 0.550115  ours 0.5501152031 (|diff| 2.03e-07, unit 1e-06)
MATCH    referee vT comparator (1+X)/w_k(3.90, 12)                  theirs 0.418076  ours 0.4180755742 (|diff| 4.26e-07, unit 1e-06)
MATCH    referee Bayes bracket(8, 12)                               theirs 0.024805  ours 0.02480508797 (|diff| 8.80e-08, unit 1e-06)
MATCH    referee vT(8, 12) (Bayes table)                            theirs -0.099791  ours -0.099791141367 (|diff| 1.41e-07, unit 1e-06)
MATCH    referee Bayes first sum(8, 12)                             theirs 0.016835  ours 0.01683515117 (|diff| 1.51e-07, unit 1e-06)
MATCH    referee vT first sum(8, 12)                                theirs 0.013065  ours 0.01306514758 (|diff| 1.48e-07, unit 1e-06)
MATCH    referee Bayes comparator(8, 12)                            theirs 0.530734  ours 0.5307338010 (|diff| 1.99e-07, unit 1e-06)
MATCH    referee vT comparator (1+X)/w_k(8, 12)                     theirs 0.409908  ours 0.4099075752 (|diff| 4.25e-07, unit 1e-06)
MATCH    referee Bayes bracket(3.90, 14)                            theirs 0.085975  ours 0.08597499095 (|diff| 9.06e-09, unit 1e-06)
MATCH    referee vT(3.90, 14) (Bayes table)                         theirs -0.060253  ours -0.060252767730 (|diff| 2.32e-07, unit 1e-06)
MATCH    referee Bayes first sum(3.90, 14)                          theirs 0.054738  ours 0.05473776649 (|diff| 2.34e-07, unit 1e-06)
MATCH    referee vT first sum(3.90, 14)                             theirs 0.042501  ours 0.04250081432 (|diff| 1.86e-07, unit 1e-06)
MATCH    referee Bayes comparator(3.90, 14)                         theirs 0.554001  ours 0.5540010886 (|diff| 8.86e-08, unit 1e-06)
MATCH    referee vT comparator (1+X)/w_k(3.90, 14)                  theirs 0.420010  ours 0.4200102821 (|diff| 2.82e-07, unit 1e-06)
MATCH    referee vT(3.8470, 177857) - Phi_1 (rho = 3.8470 as labelled) theirs 0.5367156212648417390836977677383162462672  ours 0.53671562126484173908369776773831624626724828 (|diff| 4.83e-41, unit 1e-40)
         (at rho = a(T_0) = 3.84703856759 itself: vT - Phi_1 = 0.536716051692)
SUMMARY compare: 543 values compared, 539 MATCH, 4 MISMATCH (time 267.8 s)
MISMATCHES: referee K(rho) = 1/max_s gain at rho = 1.6000; referee K(rho) = 1/max_s gain at rho = 1.6500; referee K(rho) = 1/max_s gain at rho = 1.7000; referee K(rho) = 1/max_s gain at rho = 1.6550
RESULT compare MISMATCHES FOUND
