== NC1: move s_16 = 0.1602 replaced by 0.1000
rational certificate, cell 16: NOT certified; piece [8/5, 16777217/10485760] still negative at depth 20, bound there -0.033746
Arb mean value form, cell 16: NOT certified, piece [8/5, 688747537/430467210]
counterexample: D(8/5) <= -0.033742 (drift 8 h_s - g = 0.966258 < 1)
table rounding: table 1000, rounding 1602
CHECK NC1 rejected by the rational certificate                   PASS
CHECK NC1 rejected by the Arb mean value form                    PASS
CHECK NC1 refuted: a rational point with D certainly < 0         PASS
CHECK NC1 rejected by the table rounding check                   PASS
== NC2: move s_17 = 0.1352 replaced by 0.1353 (a typo in the last digit)
table rounding: cell 17: table 1353, rounding 1352 (value 0.13516573)
rational certificate, cell 17 with 0.1353: certified (the drift has slack, only the table check sees it)
CHECK NC2 rejected by the table rounding check                   PASS
== NC3: constant K = 7 in g = K exp(rho^2/2) (the note: the least admissible K is 7.16)
rational certificate fails on cells [14, 15, 16, 17, 18]
Arb mean value form fails on cells [14, 15, 16, 17, 18]
counterexample (cell 16): D_7(17/10) <= -0.047120
CHECK NC3 rejected by the rational certificate                   PASS
CHECK NC3 rejected by the Arb mean value form                    PASS
CHECK NC3 refuted: a rational point with D_7 certainly < 0       PASS
== NC4: part (a) with corrupted constants
12/25 -> 9/25: phi decreasing True, phi(split) = 0.382663 < const False, 5/2 - (25/8) const >= 1 True
CHECK NC4 (12/25 -> 9/25) rejected                               PASS
12/25 -> 13/25: phi decreasing True, phi(split) = 0.382663 < const True, 5/2 - (25/8) const >= 1 False
CHECK NC4 (12/25 -> 13/25) rejected                              PASS
split 2.8 -> 2.0: phi decreasing True, phi(split) = 0.812012 < const False, 5/2 - (25/8) const >= 1 True
CHECK NC4 (split 2.8 -> 2.0) rejected                            PASS
== NC5: T_0 = 355713 replaced by 355712
L_low(355712) = 14.499999838, L(355712) = 14.799700
CHECK NC5 rejected: L_low(T_0 - 1) < 14.5                        PASS
== NC6: constant 8.8 of Lemma 3.3 replaced by 8.5, and G = 10 exp(L/2) in (C2)
eps_14.5 = 0.080446 against log(8.5/8) = 0.060625
CHECK NC6 rejected: eps_14.5 > log(8.5/8)                        PASS
(C2) with G = 10 exp(L/2) at T_0: j_0 (e G + 1) = 177860.50 against T_1 - 1 = 177855
CHECK NC6 rejected: (C2) fails at T_0 with G = 10 exp(L/2)       PASS
== NC7: c_1 = 3.318633 replaced by its truncation 3.3186
c_1 = 3.318632795
CHECK NC7 rejected: c_1 > 3.3186 (the stated value must be an upper rounding) PASS
== NC8: Phi_1 with c_1 lowered by 1/2 (vT - Phi_1 is about 0.50 at rho = 3.81, k = 10^6)
vT = 7.475842, corrupted Phi_1 = 7.477709
CHECK NC8 rejected: vT < Phi_1 with c_1 - 1/2                    PASS
== NC9: vT with J = 1 in place of pi^2/4 against the Bayes learner
rho = 0, k = 2: Bayes value 0.162638, corrupted vT 0.545746
rho = 77/20, k = 6: Bayes value 0.041754, corrupted vT 0.497620
rho = 6, k = 12: Bayes value 0.039668, corrupted vT 0.499064
CHECK NC9 rejected: corrupted vT exceeds the Bayes value at 3 points PASS
== NC10: step (s4) of Lemma 4.3 outside its validity range (rho = 3.81, k = 50 < k_min = 2462)
(1 + X)/w_k = 0.451047 against 1/2 - (J - 2)/(pi^2 e^2) = 0.493591
CHECK NC10 rejected: (s4) fails at k = 50                        PASS
== NC11: the constant 15.2 of the cleaner form replaced by 15.0
14.6 - (log log T_0 - 2 log(log log T_0 + 2.1)) = 15.124858 against 15.0
CHECK NC11 rejected: 14.6 + 0.5249 > 15.0                        PASS
SUMMARY negative_controls: 19 checks, 0 failed, expected 19 checks
RESULT negative_controls PASS
