== Lemma 4.2 by exact integration (Maxima), A symbolic and A = 2
CHECK integral of f_A over [-A, A] = 1                           PASS
CHECK f_A(A) = f_A(-A) = 0                                       PASS
CHECK f_A'(A) = f_A'(-A) = 0 (C^1 at the ends)                   PASS
CHECK f_A' = -(pi/(2 A^2)) sin(pi z/A)                           PASS
CHECK f_A'^2 = (pi^2/A^3) sin^2(pi z/(2A)) f_A (so f_A'^2/f_A = (pi^2/A^3) sin^2) PASS
CHECK J(f_A) = pi^2/A^2                                          PASS  pi^2/A^2
CHECK integral of z^2 f_A = A^2 (1/3 - 2/pi^2)                   PASS  1/3*(pi^2 - 6)*A^2/pi^2
CHECK integral over [-1, 1] of u^2 cos(pi u) = -4/pi^2           PASS
CHECK A = 2: J = pi^2/4 and E Z^2 = 4/3 - 8/pi^2                 PASS
CHECK the law of c + Z/sqrt(v) has Fisher information v J(f_A)   PASS  pi^2*v/A^2
== Lemma 4.2 cross-checked by Arb rigorous integration (A = 2)
CHECK Arb: integral of f_2 = 1                                   PASS
CHECK Arb: E Z^2 = 4/3 - 8/pi^2                                  PASS  0.522763864195
CHECK Arb: integral of f'^2/f lies in [I, I + 2.5e-6] and contains pi^2/4 PASS  [2.467398633, 2.467401100]
== the prior moments used by the Bayes sanity check
CHECK moment recursion M_0..M_8 agrees with exact integration    PASS
CHECK M_0 = 1, M_odd = 0, M_2 = E Z^2                            PASS
== c_1
J = 2.46740110027234
E Z^2 = 0.522763864194631
c_1 = 3.31863279453038
CHECK c_1 rounds to 3.318633 (note: 3.318633)                    PASS  3.318632795
CHECK c_1 <= 3.318633 (the 6-decimal value is an upper rounding) PASS
CHECK constant of step (iv) at A = 2 equals -c_1                 PASS
CHECK J E Z^2 = pi^2/3 - 2 >= 1 (zero-data van Trees: Var Z >= 1/J) PASS  1.289868
CHECK J >= 2 (used in (1 + X)/(J + 2X) = 1/2 - (J/2 - 1)/(J + 2X)) PASS
== Fisher information of one observation y = +-1, P(y = +-1) = (1 +- th x)/2
CHECK I(theta) = x^2/(1 - theta^2 x^2)                           PASS  -x^2/(th^2*x^2 - 1)
== vT, known-answer test at k = 2 (closed form by hand)
CHECK vT(4, 2) agrees with the closed form                       PASS  -0.106731754505
== Bayes learner, known-answer test at k = 2 (posterior by Arb integration)
CHECK posterior sum Q_1 at rho = 3, k = 2: moments = direct integration PASS  0.003003099535
CHECK Q_1 = (E Z^2 eps_1)^2/(1 - rho^2 eps_1^2) (closed form for one observation) PASS
== Lemma 4.3, first claim (sanity): Bayes learner's expected bracket >= vT, k = 2..12
  rho = 0      Bayes - vT for k = 2..12: 0.1871 0.2042 0.2201 0.2349 0.2487 0.2616 0.2736 0.2849 0.2956 0.3057 0.3152
  rho = 1      Bayes - vT for k = 2..12: 0.1496 0.1584 0.1670 0.1753 0.1833 0.1909 0.1983 0.2054 0.2123 0.2189 0.2253
  rho = 5/2    Bayes - vT for k = 2..12: 0.1298 0.1335 0.1372 0.1409 0.1444 0.1479 0.1513 0.1547 0.1580 0.1612 0.1644
  rho = 77/20  Bayes - vT for k = 2..12: 0.1238 0.1259 0.1279 0.1299 0.1319 0.1338 0.1357 0.1376 0.1395 0.1414 0.1432
  rho = 6      Bayes - vT for k = 2..12: 0.1203 0.1213 0.1223 0.1232 0.1242 0.1251 0.1260 0.1269 0.1279 0.1288 0.1297
least Bayes - vT = 0.120310 at rho = 6, k = 2 (time 0.7 s)
CHECK Bayes value >= vT at all 55 points                         PASS  0.120310
== Lemma 4.3, closed form: vT >= Phi_1 for k >= pi^2 e^2 r^2, with the steps of (iv)
   S = sum eps_i^2/w_{i-1}, (s1) S >= l_k/2 + (1/(2k)) sum_{i<k} l_i, (s2) l_i >= log(1 + beta i^2),
   (s3) S >= Lambda - 1 - log(k)/(2k) - 1/k, (s4) (1+X)/w_k >= 1/2 - (J-2)/(pi^2 e^2),
   (s5) X = (k+1)/(4 r^2), (s6) w_k <= J + 2X, (s7) Lambda <= log k
  rho = 0      k =      292  vT =   1.960226  Phi_1 =   0.958682  vT - Phi_1 = 1.001544  steps 1111111
  rho = 0      k =      293  vT =   1.962843  Phi_1 =   0.962139  vT - Phi_1 = 1.000704  steps 1111111
  rho = 0      k =      584  vT =   2.512565  Phi_1 =   1.657808  vT - Phi_1 = 0.854758  steps 1111111
  rho = 0      k =     2920  vT =   3.921316  Phi_1 =   3.272703  vT - Phi_1 = 0.648614  steps 1111111
  rho = 0      k =   177857  vT =   7.877265  Phi_1 =   7.383768  vT - Phi_1 = 0.493496  steps 1111111
  rho = 0      k =  1000000  vT =   9.590360  Phi_1 =   9.110575  vT - Phi_1 = 0.479784  steps 1111111
  rho = 2      k =     1167  vT =   1.952003  Phi_1 =   0.967087  vT - Phi_1 = 0.984916  steps 1111111
  rho = 2      k =     1168  vT =   1.952661  Phi_1 =   0.967947  vT - Phi_1 = 0.984714  steps 1111111
  rho = 2      k =     2334  vT =   2.505975  Phi_1 =   1.662027  vT - Phi_1 = 0.843947  steps 1111111
  rho = 2      k =    11670  vT =   3.917510  Phi_1 =   3.273068  vT - Phi_1 = 0.644442  steps 1111111
  rho = 2      k =   177857  vT =   6.513486  Phi_1 =   5.997474  vT - Phi_1 = 0.516012  steps 1111111
  rho = 2      k =  1000000  vT =   8.213688  Phi_1 =   7.724281  vT - Phi_1 = 0.489407  steps 1111111
  rho = 381/100 k =     2462  vT =   1.950653  Phi_1 =   0.968943  vT - Phi_1 = 0.981710  steps 1111111
  rho = 381/100 k =     2463  vT =   1.950965  Phi_1 =   0.969350  vT - Phi_1 = 0.981615  steps 1111111
  rho = 381/100 k =     4924  vT =   2.504916  Phi_1 =   1.663016  vT - Phi_1 = 0.841900  steps 1111111
  rho = 381/100 k =    24620  vT =   3.916948  Phi_1 =   3.273274  vT - Phi_1 = 0.643674  steps 1111111
  rho = 381/100 k =   177857  vT =   5.787204  Phi_1 =   5.250902  vT - Phi_1 = 0.536303  steps 1111111
  rho = 381/100 k =  1000000  vT =   7.475842  Phi_1 =   6.977709  vT - Phi_1 = 0.498133  steps 1111111
  rho = 39/10  k =     2539  vT =   1.950658  Phi_1 =   0.969050  vT - Phi_1 = 0.981607  steps 1111111
  rho = 39/10  k =     2540  vT =   1.950960  Phi_1 =   0.969445  vT - Phi_1 = 0.981515  steps 1111111
  rho = 39/10  k =     5078  vT =   2.504932  Phi_1 =   1.663098  vT - Phi_1 = 0.841833  steps 1111111
  rho = 39/10  k =    25390  vT =   3.916982  Phi_1 =   3.273334  vT - Phi_1 = 0.643648  steps 1111111
  rho = 39/10  k =   177857  vT =   5.757465  Phi_1 =   5.220158  vT - Phi_1 = 0.537307  steps 1111111
  rho = 39/10  k =  1000000  vT =   7.445531  Phi_1 =   6.946965  vT - Phi_1 = 0.498566  steps 1111111
  rho = 9/2    k =     3082  vT =   1.950538  Phi_1 =   0.969469  vT - Phi_1 = 0.981069  steps 1111111
  rho = 9/2    k =     3083  vT =   1.950787  Phi_1 =   0.969794  vT - Phi_1 = 0.980993  steps 1111111
  rho = 9/2    k =     6164  vT =   2.504863  Phi_1 =   1.663374  vT - Phi_1 = 0.841489  steps 1111111
  rho = 9/2    k =    30820  vT =   3.917000  Phi_1 =   3.273482  vT - Phi_1 = 0.643519  steps 1111111
  rho = 9/2    k =   177857  vT =   5.570450  Phi_1 =   5.026458  vT - Phi_1 = 0.543991  steps 1111111
  rho = 9/2    k =  1000000  vT =   7.254718  Phi_1 =   6.753266  vT - Phi_1 = 0.501452  steps 1111111
  rho = 6      k =     4668  vT =   1.950117  Phi_1 =   0.969851  vT - Phi_1 = 0.980266  steps 1111111
  rho = 6      k =     4669  vT =   1.950281  Phi_1 =   0.970065  vT - Phi_1 = 0.980216  steps 1111111
  rho = 6      k =     9336  vT =   2.504506  Phi_1 =   1.663521  vT - Phi_1 = 0.840986  steps 1111111
  rho = 6      k =    46680  vT =   3.916755  Phi_1 =   3.273419  vT - Phi_1 = 0.643336  steps 1111111
  rho = 6      k =   177857  vT =   5.171790  Phi_1 =   4.611180  vT - Phi_1 = 0.560610  steps 1111111
  rho = 6      k =  1000000  vT =   6.846636  Phi_1 =   6.337987  vT - Phi_1 = 0.508649  steps 1111111
  rho = 10     k =    10502  vT =   1.949694  Phi_1 =   0.970339  vT - Phi_1 = 0.979355  steps 1111111
  rho = 10     k =    10503  vT =   1.949767  Phi_1 =   0.970434  vT - Phi_1 = 0.979333  steps 1111111
  rho = 10     k =    21004  vT =   2.504156  Phi_1 =   1.663738  vT - Phi_1 = 0.840418  steps 1111111
  rho = 10     k =   105020  vT =   3.916528  Phi_1 =   3.273395  vT - Phi_1 = 0.643132  steps 1111111
  rho = 10     k =   177857  vT =   4.404551  Phi_1 =   3.800249  vT - Phi_1 = 0.604301  steps 1111111
  rho = 10     k =  1000000  vT =   6.054766  Phi_1 =   5.527057  vT - Phi_1 = 0.527709  steps 1111111
  rho = 77/20  k =  5000000  vT =   9.056010  Phi_1 =   8.573431  vT - Phi_1 = 0.482579  steps 1111111
time 156.6 s
   boundary scan: rho = 3.81 + i/10, i = 0..40, at k = k_min(rho)
  rho = 381/100 k =     2462  vT =   1.950653  Phi_1 =   0.968943  vT - Phi_1 = 0.981710  steps 1111111
  rho = 391/100 k =     2548  vT =   1.950770  Phi_1 =   0.969208  vT - Phi_1 = 0.981562  steps 1111111
  rho = 401/100 k =     2635  vT =   1.950745  Phi_1 =   0.969282  vT - Phi_1 = 0.981463  steps 1111111
  rho = 411/100 k =     2723  vT =   1.950591  Phi_1 =   0.969184  vT - Phi_1 = 0.981408  steps 1111111
  rho = 421/100 k =     2813  vT =   1.950594  Phi_1 =   0.969285  vT - Phi_1 = 0.981309  steps 1111111
  rho = 431/100 k =     2904  vT =   1.950476  Phi_1 =   0.969223  vT - Phi_1 = 0.981253  steps 1111111
  rho = 441/100 k =     2997  vT =   1.950502  Phi_1 =   0.969347  vT - Phi_1 = 0.981156  steps 1111111
  rho = 451/100 k =     3091  vT =   1.950413  Phi_1 =   0.969315  vT - Phi_1 = 0.981098  steps 1111111
  rho = 461/100 k =     3187  vT =   1.950459  Phi_1 =   0.969456  vT - Phi_1 = 0.981003  steps 1111111
  rho = 471/100 k =     3284  vT =   1.950394  Phi_1 =   0.969449  vT - Phi_1 = 0.980945  steps 1111111
  rho = 481/100 k =     3383  vT =   1.950456  Phi_1 =   0.969604  vT - Phi_1 = 0.980852  steps 1111111
  rho = 491/100 k =     3483  vT =   1.950413  Phi_1 =   0.969619  vT - Phi_1 = 0.980794  steps 1111111
  rho = 501/100 k =     3584  vT =   1.950273  Phi_1 =   0.969506  vT - Phi_1 = 0.980767  steps 1111111
  rho = 511/100 k =     3687  vT =   1.950254  Phi_1 =   0.969546  vT - Phi_1 = 0.980708  steps 1111111
  rho = 521/100 k =     3792  vT =   1.950345  Phi_1 =   0.969728  vT - Phi_1 = 0.980617  steps 1111111
  rho = 531/100 k =     3897  vT =   1.950143  Phi_1 =   0.969526  vT - Phi_1 = 0.980618  steps 1111111
  rho = 541/100 k =     4005  vT =   1.950248  Phi_1 =   0.969720  vT - Phi_1 = 0.980528  steps 1111111
  rho = 551/100 k =     4114  vT =   1.950261  Phi_1 =   0.969793  vT - Phi_1 = 0.980468  steps 1111111
  rho = 561/100 k =     4224  vT =   1.950189  Phi_1 =   0.969754  vT - Phi_1 = 0.980436  steps 1111111
  rho = 571/100 k =     4336  vT =   1.950217  Phi_1 =   0.969842  vT - Phi_1 = 0.980375  steps 1111111
  rho = 581/100 k =     4449  vT =   1.950164  Phi_1 =   0.969823  vT - Phi_1 = 0.980341  steps 1111111
  rho = 591/100 k =     4563  vT =   1.950037  Phi_1 =   0.969705  vT - Phi_1 = 0.980332  steps 1111111
  rho = 601/100 k =     4680  vT =   1.950168  Phi_1 =   0.969923  vT - Phi_1 = 0.980246  steps 1111111
  rho = 611/100 k =     4797  vT =   1.950059  Phi_1 =   0.969826  vT - Phi_1 = 0.980234  steps 1111111
  rho = 621/100 k =     4916  vT =   1.950040  Phi_1 =   0.969844  vT - Phi_1 = 0.980196  steps 1111111
  rho = 631/100 k =     5037  vT =   1.950104  Phi_1 =   0.969969  vT - Phi_1 = 0.980135  steps 1111111
  rho = 641/100 k =     5158  vT =   1.949948  Phi_1 =   0.969806  vT - Phi_1 = 0.980142  steps 1111111
  rho = 651/100 k =     5282  vT =   1.950023  Phi_1 =   0.969943  vT - Phi_1 = 0.980080  steps 1111111
  rho = 661/100 k =     5407  vT =   1.950029  Phi_1 =   0.969988  vT - Phi_1 = 0.980041  steps 1111111
  rho = 671/100 k =     5533  vT =   1.949971  Phi_1 =   0.969950  vT - Phi_1 = 0.980022  steps 1111111
  rho = 681/100 k =     5661  vT =   1.949989  Phi_1 =   0.970008  vT - Phi_1 = 0.979981  steps 1111111
  rho = 691/100 k =     5790  vT =   1.949946  Phi_1 =   0.969985  vT - Phi_1 = 0.979960  steps 1111111
  rho = 701/100 k =     5921  vT =   1.949974  Phi_1 =   0.970055  vT - Phi_1 = 0.979919  steps 1111111
  rho = 711/100 k =     6053  vT =   1.949943  Phi_1 =   0.970047  vT - Phi_1 = 0.979896  steps 1111111
  rho = 721/100 k =     6186  vT =   1.949856  Phi_1 =   0.969964  vT - Phi_1 = 0.979892  steps 1111111
  rho = 731/100 k =     6322  vT =   1.949960  Phi_1 =   0.970130  vT - Phi_1 = 0.979830  steps 1111111
  rho = 741/100 k =     6458  vT =   1.949886  Phi_1 =   0.970062  vT - Phi_1 = 0.979823  steps 1111111
  rho = 751/100 k =     6596  vT =   1.949878  Phi_1 =   0.970080  vT - Phi_1 = 0.979798  steps 1111111
  rho = 761/100 k =     6735  vT =   1.949817  Phi_1 =   0.970029  vT - Phi_1 = 0.979788  steps 1111111
  rho = 771/100 k =     6876  vT =   1.949820  Phi_1 =   0.970059  vT - Phi_1 = 0.979761  steps 1111111
  rho = 781/100 k =     7019  vT =   1.949882  Phi_1 =   0.970165  vT - Phi_1 = 0.979717  steps 1111111
time 2.0 s
least vT - Phi_1 = 0.479784 at rho = 0, k = 1000000, over 84 points
CHECK vT >= Phi_1 and steps (s1) to (s7) at all 84 points        PASS  0.479784
CHECK k_min(3.81) = 2462 = ceil(pi^2 e^2 5.81^2)                 PASS  2462
time 160.2 s
SUMMARY phase2: 27 checks, 0 failed, expected 27 checks
RESULT phase2 PASS
