== Lemma 3.3, a step from |rho| < 2.8 (move table)
max over cells of ((j+1)/10) sqrt(1 - s_j) + sqrt(s_j) = 2.8992127 (cell 27)
CHECK one step from |rho| < 2.8 stays below 3.8                  PASS  2.899213
CHECK crude bound 2.8 + sqrt(max s_j) <= 3.8                     PASS  3.590063
CHECK 3.8^2 = 14.44 <= 14.5, so a >= 3.8 when L >= 14.5          PASS
== Lemma 3.3, a step from 2.8 <= |rho| < a: u -> u + sqrt(5/8) exp(-u^2/4) is increasing
CHECK d/du (u/2) e^{-u^2/4} = (1/2) e^{-u^2/4} (1 - u^2/2)       PASS
CHECK max over u >= 0 of (u/2) e^{-u^2/4} is e^{-1/2}/sqrt(2) (at u = sqrt 2) PASS
1 - sqrt(5/8) e^{-1/2}/sqrt(2) = 0.66093905
CHECK derivative of u + sqrt(5/8) e^{-u^2/4} is >= 1 - sqrt(5/8) e^{-1/2}/sqrt 2 > 0 PASS
CHECK sqrt(s(rho)) = sqrt(5/8) e^{-rho^2/4} for s = (5/8) e^{-rho^2/2} PASS
== Lemma 3.3, the constant G
CHECK (a+)^2/2 = L/2 + sqrt(5L/8) e^{-L/4} + (5/16) e^{-L/2}     PASS
CHECK d eps_L/dL = sqrt(5/8) e^{-L/4} (1/(2 sqrt L) - sqrt(L)/4) - (5/32) e^{-L/2} PASS
CHECK 1/(2 sqrt L) - sqrt(L)/4 = (2 - L)/(4 sqrt L)              PASS
eps_14.5 = 0.080446336, log(1.1) = 0.095310180
CHECK eps_14.5 rounds to 0.0804 (note: 0.0804)                   PASS  0.080446
CHECK eps_14.5 <= log(1.1), so G = 8 exp((a+)^2/2) <= 8.8 exp(L/2) for L >= 14.5 PASS
CHECK 8 exp((a+)^2/2) <= 8.8 exp(L/2) at L = 14.5, 14.6, ..., 60 (ball check) PASS
CHECK sqrt(5/8) e^{-14.5/4} <= 0.022 (used in (C3))              PASS  0.021068
== Lemmas 3.2 and 3.4: n = ceil(e G)
CHECK G/n <= 1/e and n <= e G + 1 at L = 14.5, 15, 20, 30, 50    PASS
CHECK (G/n)^j0 <= e^{-j0} for j0 = 1..10 at L = 14.5             PASS
SUMMARY phase1_constants: 16 checks, 0 failed, expected 16 checks
RESULT phase1_constants PASS
