== T_0: least integer with L_low(T) >= 14.5, L_low(T) = 2 log T - 2 log(20 e) - 2 log(log(3 log T) + 1)
CHECK [analytic] L_low'(T) = (2/T)(1 - 1/((log(3 log T) + 1) log T)) PASS
CHECK [analytic] (log(3 log 3) + 1) log 3 > 1                    PASS
least T with L_low(T) >= 14.5: 355713; L_low(T0 - 1) = 14.49999984, L_low(T0) = 14.50000537
CHECK T_0 = 355713 (note: 355713)                                PASS  355713
at T_0: j_0 = 4, L = 14.79970574, a = 3.847038568, a+ = 3.866585669, T_1 = 177856, k_0 = 177857
CHECK [finite] L(T_0) >= L_low(T_0) and j_0(T_0) = 4             PASS
== (C1) L >= 14.5: L >= L_low (j_0 <= log(3 log T) + 1), L_low increasing, L_low(T_0) >= 14.5
== (C2) j_0 (8.8 e exp(L/2) + 1) <= T_1 - 1
CHECK [analytic] 8.8 e exp(L/2) j_0 = 0.44 T (exp(L/2) = T/(20 e j_0)), checked at T_0 and 10^9 PASS
CHECK [analytic] d/dT (0.06 T - log log T) = 0.06 - 1/(T log T) > 0 for T >= 17 PASS
CHECK [analytic] 0.06 T_0 >= 2.5 + log 3 + log log T_0 (so 0.06 T >= j_0 + 3/2 for T >= T_0) PASS  slack 21336.63
== (C3) k_0 >= pi^2 e^2 (a+ + 2)^2
CHECK [analytic] F'(T) = 1/2 - 2 pi^2 e^2 (1 + 2.03/sqrt(2 log T))/T PASS
CHECK [analytic] F'(10^3) > 0, and the subtracted term decreases in T, so F increases on [10^3, oo) PASS  F'(1000) = 0.2745
F(T_0) = 174194.6668
CHECK [analytic] F(T_0) > 0                                      PASS  174194.667
CHECK [analytic] L <= 2 log T (20 e j_0 >= 1) and sqrt(5/8) e^{-L/4} <= 0.022 <= 0.03 under (C1) PASS
== exact (C1), (C2), (C3) at finitely many T
jump of j_0 at m = 4: T = 80147828 (j_0(T) = 4, j_0(T + 1) = 5)
jump of j_0 at m = 5: T = 3054958723238054079051 (j_0(T) = 5, j_0(T + 1) = 6)
jump of j_0 at m = 6: T = 25252223138071566672870036659836090378480895470255764086529 (j_0(T) = 6, j_0(T + 1) = 7)
CHECK [finite] j_0 jumps where predicted (m = 4, 5, 6)           PASS
1335 values of T: T_0..T_0 + 100, 50 per decade from 10^5.58 to 10^30, the jumps up to 10^59
CHECK [finite] (C1) holds at all 1335 values                     PASS
CHECK [finite] (C2) holds at all 1335 values                     PASS
CHECK [finite] (C3) holds at all 1335 values                     PASS
== proof of the theorem: monotonicity of u^2 + log(k/(u + 2)^2) - log(k)/(2k) - 1/k
CHECK [analytic] d/du = 2u - 2/(u + 2) (> 0 for u >= 1)          PASS
CHECK [analytic] d/dk = 1/k + (log k - 1)/(2k^2) + 1/k^2 (> 0 for k >= 3) PASS
== B(T) = (1 - e^{-j_0}) B_0 >= B_0 - 1 (e^{-j_0} <= 1/(3 log T), 0 < B_0 <= 3 log T)
CHECK [finite] 0 < B_0 <= 3 log T at all values                  PASS
== simplified form: B(T) >= 3 log T - log log T - 2 log(log log T + 2.1) - 14.55 (constants)
CHECK [analytic] j_0 <= log log T + log 3 + 1 <= log log T + 2.0987 PASS  log 3 + 1 = 2.098612
CHECK [analytic] 2 log(1 + 2/sqrt(14.5)) <= 0.8445               PASS  0.844285
CHECK [analytic] log(k)/(2k) + 1/k <= 1e-4 at k = k_0(T_0) = 177857 (decreasing in k >= 1) PASS  3.961e-05
2 log(20 e) + 2 log 2 + 0.8445 + c_1 + 1e-4 + 1 = 14.54099191
CHECK [analytic] the collected constant is <= 14.55 (note: 14.55) PASS  14.540992
== cleaner forms
CHECK [analytic] d/dv (v - 2 log(v + 2.1)) = 1 - 2/(v + 2.1) (> 0 for v > -0.1) PASS
log log T_0 = 2.548028504, v - 2 log(v + 2.1) there = -0.5248578000
CHECK [analytic] log log T_0 rounds to 2.5480 and the value there is >= -0.5249 (note: -0.5249) PASS  -0.524858
CHECK [analytic] 14.6 + 0.5249 <= 15.2                           PASS
CHECK [analytic] 6 log log T_0 >= 15.2 (note: 15.29), and 6 log log T increases PASS  15.2882
== [finite] B(T) against the three forms at all values of T
min of B - simplified form: 1.074303 at T = 25252223138071566672870036659836090378480895470255764086528
min of simplified - (3 log T - 2 log log T - 15.2): 0.075142 at T = 355713
min of (3 log T - 2 log log T - 15.2) - (3 log T - 8 log log T): 0.088171 at T = 355713
CHECK [finite] B(T) >= 3 log T - log log T - 2 log(log log T + 2.1) - 14.6 at all values PASS
CHECK [finite] that form >= 3 log T - 2 log log T - 15.2 at all values PASS
CHECK [finite] 3 log T - 2 log log T - 15.2 >= 3 log T - 8 log log T at all values PASS
CHECK [finite] B(T) >= 3 log T - 2 log log T - 15.2 at all values PASS  min 1.6213
  T = 355713                                                         j_0 = 4  B =    19.670891  B - simplified = 1.546167
  T = 355714                                                         j_0 = 4  B =    19.670896  B - simplified = 1.546164
  T = 80147827                                                       j_0 = 4  B =    35.254794  B - simplified = 1.377463
  T = 80147828                                                       j_0 = 4  B =    35.254795  B - simplified = 1.377463
  T = 80147829                                                       j_0 = 5  B =    35.239788  B - simplified = 1.362457
  T = 80147830                                                       j_0 = 5  B =    35.239788  B - simplified = 1.362457
  T = 3054958723238054079050                                         j_0 = 5  B =   127.465015  B - simplified = 1.137225
  T = 3054958723238054079051                                         j_0 = 5  B =   127.465015  B - simplified = 1.137225
  T = 3054958723238054079052                                         j_0 = 6  B =   127.651280  B - simplified = 1.323490
  T = 3054958723238054079053                                         j_0 = 6  B =   127.651280  B - simplified = 1.323490
  T = 25252223138071566672870036659836090378480895470255764086528    j_0 = 6  B =   381.109492  B - simplified = 1.074303
  T = 25252223138071566672870036659836090378480895470255764086529    j_0 = 6  B =   381.109492  B - simplified = 1.074303
  T = 25252223138071566672870036659836090378480895470255764086530    j_0 = 7  B =   381.401170  B - simplified = 1.365980
  T = 25252223138071566672870036659836090378480895470255764086531    j_0 = 7  B =   381.401170  B - simplified = 1.365980
== values quoted in the note
  B(10^6) = 22.629622 (note: 22.63)
  B(10^7) = 29.248397 (note: 29.25)
  B(10^10) = 49.386017 (note: 49.39)
CHECK B(10^6), B(10^7), B(10^10) = 22.63, 29.25, 49.39 to 2 decimals PASS
  B/log T at 10^6 = 1.637987 (note: 1.64)
  B/log T at 10^10 = 2.144807 (note: 2.14)
  B/log T at 10^20 = 2.548055 (note: 2.55)
  B/log T at 10^50 = 2.808636 (note: 2.81)
  B/log T at 10^100 = 2.901018 (note: 2.90)
CHECK B(T)/log T = 1.64, 2.14, 2.55, 2.81, 2.90 at 10^6, 10^10, 10^20, 10^50, 10^100 PASS
time 0.8 s
SUMMARY total_bound: 32 checks, 0 failed, expected 32 checks
RESULT total_bound PASS
